*** EVALUATION ***
PROGRAM "LAB_P5.abs"

*********************************************************************************************
TARGET SECTION
---------------------------------------------------------------------------------------------
Processor   : Freescale HC08
Memory Model: SMALL
File Format : ELF\DWARF 2.0
Linker      : SmartLinker V-5.0.49 Build 12319, Nov 15 2012

*********************************************************************************************
FILE SECTION
---------------------------------------------------------------------------------------------
ADC_c.obj                               Model: SMALL,         Lang: ANSI-C
DelayManager_c.obj                      Model: SMALL,         Lang: ANSI-C
GPIO_c.obj                              Model: SMALL,         Lang: ANSI-C
MTIM_c.obj                              Model: SMALL,         Lang: ANSI-C
RTI_c.obj                               Model: SMALL,         Lang: ANSI-C
SerialManager_c.obj                     Model: SMALL,         Lang: ANSI-C
SpeedManager_c.obj                      Model: SMALL,         Lang: ANSI-C
StepperMotor_c.obj                      Model: SMALL,         Lang: ANSI-C
TPM_c.obj                               Model: SMALL,         Lang: ANSI-C
main_c.obj                              Model: SMALL,         Lang: ANSI-C
start08_c.obj                           Model: SMALL,         Lang: ANSI-C
mc9s08qg8_c.obj                         Model: SMALL,         Lang: ANSI-C
rtshc08.o (ansiis.lib)                  Model: SMALL,         Lang: ANSI-C

*********************************************************************************************
STARTUP SECTION
---------------------------------------------------------------------------------------------
Entry point: 0xE07F (_Startup)
_startupData is allocated at 0xE088 and uses 6 Bytes
extern struct _tagStartup {
  unsigned nofZeroOut     1
  _Range   pZeroOut       0x100     58
  _Copy    *toCopyDownBeg 0xEA31
} _startupData;

*********************************************************************************************
SECTION-ALLOCATION SECTION
Section Name                    Size  Type     From       To       Segment
---------------------------------------------------------------------------------------------
.data                             24   R/W      0x100      0x117   RAM
.init                            136     R     0xE000     0xE087   ROM
.startData                        14     R     0xE088     0xE095   ROM
.text                           2459     R     0xE096     0xEA30   ROM
.copy                             29     R     0xEA31     0xEA4D   ROM
.abs_section_ffe6                  2     R     0xFFE6     0xFFE7   .absSeg0
.abs_section_ffd0                  2     R     0xFFD0     0xFFD1   .absSeg1
.abs_section_ffe0                  2     R     0xFFE0     0xFFE1   .absSeg2
.abs_section_fff0                  2     R     0xFFF0     0xFFF1   .absSeg3
.abs_section_0                     1   N/I        0x0        0x0   .absSeg4
.abs_section_1                     1   N/I        0x1        0x1   .absSeg5
.abs_section_2                     1   N/I        0x2        0x2   .absSeg6
.abs_section_3                     1   N/I        0x3        0x3   .absSeg7
.abs_section_c                     1   N/I        0xC        0xC   .absSeg8
.abs_section_d                     1   N/I        0xD        0xD   .absSeg9
.abs_section_e                     1   N/I        0xE        0xE   .absSeg10
.abs_section_f                     1   N/I        0xF        0xF   .absSeg11
.abs_section_10                    1   N/I       0x10       0x10   .absSeg12
.abs_section_11                    1   N/I       0x11       0x11   .absSeg13
.abs_section_16                    1   N/I       0x16       0x16   .absSeg14
.abs_section_17                    1   N/I       0x17       0x17   .absSeg15
.abs_section_1a                    1   N/I       0x1A       0x1A   .absSeg16
.abs_section_22                    1   N/I       0x22       0x22   .absSeg17
.abs_section_23                    1   N/I       0x23       0x23   .absSeg18
.abs_section_24                    1   N/I       0x24       0x24   .absSeg19
.abs_section_25                    1   N/I       0x25       0x25   .absSeg20
.abs_section_26                    1   N/I       0x26       0x26   .absSeg21
.abs_section_27                    1   N/I       0x27       0x27   .absSeg22
.abs_section_28                    1   N/I       0x28       0x28   .absSeg23
.abs_section_29                    1   N/I       0x29       0x29   .absSeg24
.abs_section_2a                    1   N/I       0x2A       0x2A   .absSeg25
.abs_section_2b                    1   N/I       0x2B       0x2B   .absSeg26
.abs_section_2d                    1   N/I       0x2D       0x2D   .absSeg27
.abs_section_30                    1   N/I       0x30       0x30   .absSeg28
.abs_section_31                    1   N/I       0x31       0x31   .absSeg29
.abs_section_32                    1   N/I       0x32       0x32   .absSeg30
.abs_section_33                    1   N/I       0x33       0x33   .absSeg31
.abs_section_34                    1   N/I       0x34       0x34   .absSeg32
.abs_section_38                    1   N/I       0x38       0x38   .absSeg33
.abs_section_39                    1   N/I       0x39       0x39   .absSeg34
.abs_section_3a                    1   N/I       0x3A       0x3A   .absSeg35
.abs_section_3b                    1   N/I       0x3B       0x3B   .absSeg36
.abs_section_3c                    1   N/I       0x3C       0x3C   .absSeg37
.abs_section_3d                    1   N/I       0x3D       0x3D   .absSeg38
.abs_section_3e                    1   N/I       0x3E       0x3E   .absSeg39
.abs_section_3f                    1   N/I       0x3F       0x3F   .absSeg40
.abs_section_40                    1   N/I       0x40       0x40   .absSeg41
.abs_section_45                    1   N/I       0x45       0x45   .absSeg42
.abs_section_48                    1   N/I       0x48       0x48   .absSeg43
.abs_section_1800                  1   N/I     0x1800     0x1800   .absSeg44
.abs_section_1801                  1   N/I     0x1801     0x1801   .absSeg45
.abs_section_1802                  1   N/I     0x1802     0x1802   .absSeg46
.abs_section_1803                  1   N/I     0x1803     0x1803   .absSeg47
.abs_section_1808                  1   N/I     0x1808     0x1808   .absSeg48
.abs_section_1809                  1   N/I     0x1809     0x1809   .absSeg49
.abs_section_180a                  1   N/I     0x180A     0x180A   .absSeg50
.abs_section_180c                  1   N/I     0x180C     0x180C   .absSeg51
.abs_section_1816                  1   N/I     0x1816     0x1816   .absSeg52
.abs_section_1817                  1   N/I     0x1817     0x1817   .absSeg53
.abs_section_1818                  1   N/I     0x1818     0x1818   .absSeg54
.abs_section_1820                  1   N/I     0x1820     0x1820   .absSeg55
.abs_section_1821                  1   N/I     0x1821     0x1821   .absSeg56
.abs_section_1823                  1   N/I     0x1823     0x1823   .absSeg57
.abs_section_1824                  1   N/I     0x1824     0x1824   .absSeg58
.abs_section_1825                  1   N/I     0x1825     0x1825   .absSeg59
.abs_section_1826                  1   N/I     0x1826     0x1826   .absSeg60
.abs_section_1840                  1   N/I     0x1840     0x1840   .absSeg61
.abs_section_1841                  1   N/I     0x1841     0x1841   .absSeg62
.abs_section_1842                  1   N/I     0x1842     0x1842   .absSeg63
.abs_section_1844                  1   N/I     0x1844     0x1844   .absSeg64
.abs_section_1845                  1   N/I     0x1845     0x1845   .absSeg65
.abs_section_1846                  1   N/I     0x1846     0x1846   .absSeg66
.abs_section_12                    2   N/I       0x12       0x13   .absSeg67
.abs_section_14                    2   N/I       0x14       0x15   .absSeg68
.abs_section_20                    2   N/I       0x20       0x21   .absSeg69
.abs_section_41                    2   N/I       0x41       0x42   .absSeg70
.abs_section_43                    2   N/I       0x43       0x44   .absSeg71
.abs_section_46                    2   N/I       0x46       0x47   .absSeg72
.abs_section_49                    2   N/I       0x49       0x4A   .absSeg73
.abs_section_1806                  2   N/I     0x1806     0x1807   .absSeg74
.abs_section_1810                  2   N/I     0x1810     0x1811   .absSeg75
.abs_section_1812                  2   N/I     0x1812     0x1813   .absSeg76
.abs_section_1814                  2   N/I     0x1814     0x1815   .absSeg77
.bss                              34   R/W      0x118      0x139   RAM
.stack                            64   R/W      0x13A      0x179   RAM
.vectSeg78_vect                    2     R     0xFFFE     0xFFFF   .vectSeg78

Summary of section sizes per section type:
READ_ONLY (R):         A58 (dec:     2648)
READ_WRITE (R/W):       7A (dec:      122)
NO_INIT (N/I):          55 (dec:       85)

*********************************************************************************************
VECTOR-ALLOCATION SECTION
    Address     InitValue   InitFunction
---------------------------------------------------------------------------------------------
     0xFFFE        0xE07F   _Startup

*********************************************************************************************
OBJECT-ALLOCATION SECTION
     Name               Module                 Addr   hSize   dSize     Ref    Section   RLIB
---------------------------------------------------------------------------------------------
MODULE:                 -- ADC_c.obj --
- PROCEDURES:
     ADC_Init                                  E096       C      12       1   .text       
     ADC_Read_8                                E0A2       A      10       1   .text       
     ADC_StartConversion                       E0AC       6       6       1   .text       
- VARIABLES:
     sgu8currentChannel                         118       1       1       2   .bss        
MODULE:                 -- DelayManager_c.obj --
- PROCEDURES:
     DelayManager_Init                         E0B2       A      10       1   .text       
     DelayManager_SetDelayBy10Rpm              E0BC      8E     142       2   .text       
     DelayManager_Delay                        E14A       4       4       2   .text       
     DelayManager_IsBusy                       E14E       4       4       1   .text       
- VARIABLES:
     u16delaytime                               119       2       2       1   .bss        
MODULE:                 -- GPIO_c.obj --
- PROCEDURES:
     GPIO_ConfigPinDirection                   E152      84     132       1   .text       
     GPIO_WriteBitToPin                        E1D6      8E     142       4   .text       
     GPIO_ConfigPortOutputsByMask              E264      22      34       1   .text       
- VARIABLES:
     u8PTADD                                    11B       1       1       5   .bss        
     u8PTBDD                                    11C       1       1       6   .bss        
     u8PTAD                                     11D       1       1       4   .bss        
     u8PTBD                                     11E       1       1       5   .bss        
MODULE:                 -- MTIM_c.obj --
- PROCEDURES:
     MTIM_Init                                 E286       F      15       1   .text       
     MTIM_Start                                E295       8       8       1   .text       
     MTIM_Stop                                 E29D       3       3       1   .text       
     MTIM_Reset                                E2A0       3       3       1   .text       
     MTIM_SelectPrescaler                      E2A3      19      25       1   .text       
     MTIM_GetCount                             E2BC       3       3       1   .text       
     MTIM_ISR                                  E2BF      22      34       1   .text       
- VARIABLES:
     sgu8flagCounter                            11F       1       1       4   .bss        
     sgu8extraFlagsPDelay                       120       1       1       2   .bss        
     sgu8currentModulo                          121       1       1       1   .bss        
     _Vector_12                                FFE6       2       2       0   .abs_section_ffe6
MODULE:                 -- RTI_c.obj --
- PROCEDURES:
     RTI_Init                                  E2E1       6       6       1   .text       
     RTI_Start                                 E2E7       F      15       2   .text       
     RTI_Stop                                  E2F6       A      10       1   .text       
     RTI_isRunning                             E300       4       4       1   .text       
     RTI_interrupt                             E304      1A      26       1   .text       
- VARIABLES:
     sgu8isRunning                              122       1       1       3   .bss        
     sgu8flagCounter                            123       1       1       3   .bss        
     _Vector_23                                FFD0       2       2       0   .abs_section_ffd0
MODULE:                 -- SerialManager_c.obj --
- PROCEDURES:
     SerialManager_Init                        E31E      18      24       1   .text       
     SerialManager_GetValues                   E336      1F      31       1   .text       
     SerialManager_WriteString                 E355      12      18       1   .text       
     SerialManager_UpdateTask                  E367      3F      63       1   .text       
     SerialManager_IsBusy                      E3A6       4       4       1   .text       
     SCIreceive                                E3AA      10      16       1   .text       
     SerialManager_Send                        E3BA       C      12       1   .text       
     SerialManager_UpdateStateMachine          E3C6     267     615      28   .text       
- VARIABLES:
     sgu8BusyFlag                               124       1       1       5   .bss        
     sgu8stateR                                 125       1       1       6   .bss        
     sgu8stateT                                 126       1       1       4   .bss        
     sgu8dir                                    127       1       1       3   .bss        
     sgu8isOn                                   128       1       1       3   .bss        
     sgu8RpmDigits                              129       3       3       6   .bss        
     sgu16RpmSpeed                              12C       2       2       4   .bss        
     sgu8data                                   12E       1       1       1   .bss        
     sgpu8String                                12F       2       2       3   .bss        
     sgu8counter                                131       1       1       3   .bss        
     _Vector_15                                FFE0       2       2       0   .abs_section_ffe0
MODULE:                 -- SpeedManager_c.obj --
- PROCEDURES:
     SpeedManager_Init                         E62D       4       4       1   .text       
     SpeedManager_ReadSpeedLevel               E631      39      57       1   .text       
- VARIABLES:
MODULE:                 -- StepperMotor_c.obj --
- PROCEDURES:
     StepperMotor_Init                         E66A      14      20       1   .text       
     StepperMotor_NextStep                     E67E      36      54       1   .text       
     StepperMotor_SetDirection                 E6B4       6       6       1   .text       
     StepperMotor_TurnOnOff                    E6BA       6       6       1   .text       
     StepperMotor_WriteCurrentStep             E6C0      4F      79       2   .text       
- VARIABLES:
     sgpu8stepValues                            100       8       8       1   .data       
     sgu8left                                   108       1       1       2   .data       
     sgu8isOn                                   109       1       1       2   .data       
     sgu8index                                  132       1       1       6   .bss        
MODULE:                 -- TPM_c.obj --
- PROCEDURES:
     TPM_Init                                  E70F      12      18       1   .text       
     TPM_SetMicroSecPFlag                      E721       F      15       2   .text       
     TPM_Start                                 E730       F      15       1   .text       
     TPM_Stop                                  E73F       F      15       1   .text       
     TMP_IsRunning                             E74E       4       4       1   .text       
     TMP_ISR                                   E752      20      32       1   .text       
- VARIABLES:
     gu8flagCounter                             133       1       1       4   .bss        
     gu8extraFlagsPDelay                        134       1       1       2   .bss        
     gu8running                                 135       1       1       6   .bss        
     _Vector_7                                 FFF0       2       2       0   .abs_section_fff0
MODULE:                 -- main_c.obj --
- PROCEDURES:
     main                                      E772      8D     141       1   .text       
     Send_Msg                                  E7FF      B8     184       1   .text       
- VARIABLES:
     gpu8Msg                                    10A       E      14       7   .data       
     gu8adcVoltage                              136       1       1       2   .bss        
     gu16adcVoltage                             137       2       2       2   .bss        
     sgu8count                                  139       1       1       5   .bss        
MODULE:                 -- start08_c.obj --
- PROCEDURES:
     loadByte                                  E000       E      14       5   .init       
     Init                                      E00E      71     113       1   .init       
     _Startup                                  E07F       9       9       0   .init       
- VARIABLES:
     _startupData                              E088       6       6       4   .startData  
- LABELS:
     __SEG_END_SSTACK                           17A       0       0       1               
MODULE:                 -- mc9s08qg8_c.obj --
- PROCEDURES:
- VARIABLES:
     _PTAD                                        0       1       1       2   .abs_section_0
     _PTADD                                       1       1       1       2   .abs_section_1
     _PTBD                                        2       1       1       3   .abs_section_2
     _PTBDD                                       3       1       1       3   .abs_section_3
     _KBISC                                       C       1       1       0   .abs_section_c
     _KBIPE                                       D       1       1       0   .abs_section_d
     _KBIES                                       E       1       1       0   .abs_section_e
     _IRQSC                                       F       1       1       0   .abs_section_f
     _ADCSC1                                     10       1       1       3   .abs_section_10
     _ADCSC2                                     11       1       1       1   .abs_section_11
     _ADCCFG                                     16       1       1       1   .abs_section_16
     _APCTL1                                     17       1       1       1   .abs_section_17
     _ACMPSC                                     1A       1       1       0   .abs_section_1a
     _SCIC1                                      22       1       1       0   .abs_section_22
     _SCIC2                                      23       1       1       1   .abs_section_23
     _SCIS1                                      24       1       1       2   .abs_section_24
     _SCIS2                                      25       1       1       0   .abs_section_25
     _SCIC3                                      26       1       1       0   .abs_section_26
     _SCID                                       27       1       1       2   .abs_section_27
     _SPIC1                                      28       1       1       0   .abs_section_28
     _SPIC2                                      29       1       1       0   .abs_section_29
     _SPIBR                                      2A       1       1       0   .abs_section_2a
     _SPIS                                       2B       1       1       0   .abs_section_2b
     _SPID                                       2D       1       1       0   .abs_section_2d
     _IICA                                       30       1       1       0   .abs_section_30
     _IICF                                       31       1       1       0   .abs_section_31
     _IICC                                       32       1       1       0   .abs_section_32
     _IICS                                       33       1       1       0   .abs_section_33
     _IICD                                       34       1       1       0   .abs_section_34
     _ICSC1                                      38       1       1       0   .abs_section_38
     _ICSC2                                      39       1       1       0   .abs_section_39
     _ICSTRM                                     3A       1       1       0   .abs_section_3a
     _ICSSC                                      3B       1       1       0   .abs_section_3b
     _MTIMSC                                     3C       1       1       7   .abs_section_3c
     _MTIMCLK                                    3D       1       1       5   .abs_section_3d
     _MTIMCNT                                    3E       1       1       1   .abs_section_3e
     _MTIMMOD                                    3F       1       1       2   .abs_section_3f
     _TPMSC                                      40       1       1       4   .abs_section_40
     _TPMC0SC                                    45       1       1       0   .abs_section_45
     _TPMC1SC                                    48       1       1       0   .abs_section_48
     _SRS                                      1800       1       1       5   .abs_section_1800
     _SBDFR                                    1801       1       1       0   .abs_section_1801
     _SOPT1                                    1802       1       1       0   .abs_section_1802
     _SOPT2                                    1803       1       1       0   .abs_section_1803
     _SRTISC                                   1808       1       1       5   .abs_section_1808
     _SPMSC1                                   1809       1       1       0   .abs_section_1809
     _SPMSC2                                   180A       1       1       0   .abs_section_180a
     _SPMSC3                                   180C       1       1       0   .abs_section_180c
     _DBGC                                     1816       1       1       0   .abs_section_1816
     _DBGT                                     1817       1       1       0   .abs_section_1817
     _DBGS                                     1818       1       1       0   .abs_section_1818
     _FCDIV                                    1820       1       1       0   .abs_section_1820
     _FOPT                                     1821       1       1       0   .abs_section_1821
     _FCNFG                                    1823       1       1       0   .abs_section_1823
     _FPROT                                    1824       1       1       0   .abs_section_1824
     _FSTAT                                    1825       1       1       0   .abs_section_1825
     _FCMD                                     1826       1       1       0   .abs_section_1826
     _PTAPE                                    1840       1       1       0   .abs_section_1840
     _PTASE                                    1841       1       1       0   .abs_section_1841
     _PTADS                                    1842       1       1       0   .abs_section_1842
     _PTBPE                                    1844       1       1       0   .abs_section_1844
     _PTBSE                                    1845       1       1       0   .abs_section_1845
     _PTBDS                                    1846       1       1       0   .abs_section_1846
     _ADCR                                       12       2       2       1   .abs_section_12
     _ADCCV                                      14       2       2       0   .abs_section_14
     _SCIBD                                      20       2       2       1   .abs_section_20
     _TPMCNT                                     41       2       2       0   .abs_section_41
     _TPMMOD                                     43       2       2       4   .abs_section_43
     _TPMC0V                                     46       2       2       0   .abs_section_46
     _TPMC1V                                     49       2       2       0   .abs_section_49
     _SDID                                     1806       2       2       0   .abs_section_1806
     _DBGCA                                    1810       2       2       0   .abs_section_1810
     _DBGCB                                    1812       2       2       0   .abs_section_1812
     _DBGF                                     1814       2       2       0   .abs_section_1814
MODULE:                 -- rtshc08.o (ansiis.lib) --
- PROCEDURES:
     _IDIVMOD                                  E8B7      69     105       3   .text       
     _SPLITSIGN                                E920      1C      28       2   .text       
     _IMUL_STAR08                              E93C      27      39       3   .text       
     _IDIVS_STAR08                             E963      1B      27       3   .text       
     _IDIVU_STAR08                             E97E       D      13       4   .text       
     _IMODS_STAR08                             E98B      25      37       3   .text       
     _IMODU_STAR08                             E9B0      10      16       1   .text       
     _IDIVU_8                                  E9C0       E      14       1   .text       
     _IMODU_8                                  E9CE      12      18       1   .text       
     _IASR                                     E9E0       C      12       4   .text       
     _ICMP                                     E9EC      16      22       2   .text       
     _Jump_Table_Header_Addr                   EA02      2F      47       1   .text       
- VARIABLES:

*********************************************************************************************
MODULE STATISTIC
  Name                                      Data   Code  Const
---------------------------------------------------------------------------------------------
  ADC_c.obj                                    1     28      0
  DelayManager_c.obj                           2    160      0
  GPIO_c.obj                                   4    308      0
  MTIM_c.obj                                   3     91      2
  RTI_c.obj                                    2     61      2
  SerialManager_c.obj                         14    783      2
  SpeedManager_c.obj                           0     61      0
  StepperMotor_c.obj                          11    165      0
  TPM_c.obj                                    3     99      2
  main_c.obj                                  18    325      0
  start08_c.obj                                0    136      0
  mc9s08qg8_c.obj                             85      0      0
  rtshc08.o (ansiis.lib)                       0    378      0
  other                                       64     16     29

*********************************************************************************************
SECTION USE IN OBJECT-ALLOCATION SECTION
---------------------------------------------------------------------------------------------
SECTION: ".text"
  ADC_Init ADC_Read_8 ADC_StartConversion DelayManager_Init 
  DelayManager_SetDelayBy10Rpm DelayManager_Delay DelayManager_IsBusy 
  GPIO_ConfigPinDirection GPIO_WriteBitToPin GPIO_ConfigPortOutputsByMask 
  MTIM_Init MTIM_Start MTIM_Stop MTIM_Reset MTIM_SelectPrescaler MTIM_GetCount 
  MTIM_ISR RTI_Init RTI_Start RTI_Stop RTI_isRunning RTI_interrupt 
  SerialManager_Init SerialManager_GetValues SerialManager_WriteString 
  SerialManager_UpdateTask SerialManager_IsBusy SCIreceive SerialManager_Send 
  SerialManager_UpdateStateMachine SpeedManager_Init 
  SpeedManager_ReadSpeedLevel StepperMotor_Init StepperMotor_NextStep 
  StepperMotor_SetDirection StepperMotor_TurnOnOff 
  StepperMotor_WriteCurrentStep TPM_Init TPM_SetMicroSecPFlag TPM_Start 
  TPM_Stop TMP_IsRunning TMP_ISR main Send_Msg _IDIVMOD _SPLITSIGN _IMUL_STAR08 
  _IDIVS_STAR08 _IDIVU_STAR08 _IMODS_STAR08 _IMODU_STAR08 _IDIVU_8 _IMODU_8 
  _IASR _ICMP _Jump_Table_Header_Addr 
SECTION: ".data"
  sgpu8stepValues sgu8left sgu8isOn gpu8Msg 
SECTION: ".bss"
  sgu8currentChannel u16delaytime u8PTADD u8PTBDD u8PTAD u8PTBD 
  sgu8flagCounter sgu8extraFlagsPDelay sgu8currentModulo sgu8isRunning 
  sgu8flagCounter sgu8BusyFlag sgu8stateR sgu8stateT sgu8dir sgu8isOn 
  sgu8RpmDigits sgu16RpmSpeed sgu8data sgpu8String sgu8counter sgu8index 
  gu8flagCounter gu8extraFlagsPDelay gu8running gu8adcVoltage gu16adcVoltage 
  sgu8count 
SECTION: ".init"
  loadByte Init _Startup 
SECTION: ".abs_section_ffe6"
  _Vector_12 
SECTION: ".abs_section_ffd0"
  _Vector_23 
SECTION: ".abs_section_ffe0"
  _Vector_15 
SECTION: ".abs_section_fff0"
  _Vector_7 
SECTION: ".abs_section_0"
  _PTAD 
SECTION: ".abs_section_1"
  _PTADD 
SECTION: ".abs_section_2"
  _PTBD 
SECTION: ".abs_section_3"
  _PTBDD 
SECTION: ".abs_section_c"
  _KBISC 
SECTION: ".abs_section_d"
  _KBIPE 
SECTION: ".abs_section_e"
  _KBIES 
SECTION: ".abs_section_f"
  _IRQSC 
SECTION: ".abs_section_10"
  _ADCSC1 
SECTION: ".abs_section_11"
  _ADCSC2 
SECTION: ".abs_section_16"
  _ADCCFG 
SECTION: ".abs_section_17"
  _APCTL1 
SECTION: ".abs_section_1a"
  _ACMPSC 
SECTION: ".abs_section_22"
  _SCIC1 
SECTION: ".abs_section_23"
  _SCIC2 
SECTION: ".abs_section_24"
  _SCIS1 
SECTION: ".abs_section_25"
  _SCIS2 
SECTION: ".abs_section_26"
  _SCIC3 
SECTION: ".abs_section_27"
  _SCID 
SECTION: ".abs_section_28"
  _SPIC1 
SECTION: ".abs_section_29"
  _SPIC2 
SECTION: ".abs_section_2a"
  _SPIBR 
SECTION: ".abs_section_2b"
  _SPIS 
SECTION: ".abs_section_2d"
  _SPID 
SECTION: ".abs_section_30"
  _IICA 
SECTION: ".abs_section_31"
  _IICF 
SECTION: ".abs_section_32"
  _IICC 
SECTION: ".abs_section_33"
  _IICS 
SECTION: ".abs_section_34"
  _IICD 
SECTION: ".abs_section_38"
  _ICSC1 
SECTION: ".abs_section_39"
  _ICSC2 
SECTION: ".abs_section_3a"
  _ICSTRM 
SECTION: ".abs_section_3b"
  _ICSSC 
SECTION: ".abs_section_3c"
  _MTIMSC 
SECTION: ".abs_section_3d"
  _MTIMCLK 
SECTION: ".abs_section_3e"
  _MTIMCNT 
SECTION: ".abs_section_3f"
  _MTIMMOD 
SECTION: ".abs_section_40"
  _TPMSC 
SECTION: ".abs_section_45"
  _TPMC0SC 
SECTION: ".abs_section_48"
  _TPMC1SC 
SECTION: ".abs_section_1800"
  _SRS 
SECTION: ".abs_section_1801"
  _SBDFR 
SECTION: ".abs_section_1802"
  _SOPT1 
SECTION: ".abs_section_1803"
  _SOPT2 
SECTION: ".abs_section_1808"
  _SRTISC 
SECTION: ".abs_section_1809"
  _SPMSC1 
SECTION: ".abs_section_180a"
  _SPMSC2 
SECTION: ".abs_section_180c"
  _SPMSC3 
SECTION: ".abs_section_1816"
  _DBGC 
SECTION: ".abs_section_1817"
  _DBGT 
SECTION: ".abs_section_1818"
  _DBGS 
SECTION: ".abs_section_1820"
  _FCDIV 
SECTION: ".abs_section_1821"
  _FOPT 
SECTION: ".abs_section_1823"
  _FCNFG 
SECTION: ".abs_section_1824"
  _FPROT 
SECTION: ".abs_section_1825"
  _FSTAT 
SECTION: ".abs_section_1826"
  _FCMD 
SECTION: ".abs_section_1840"
  _PTAPE 
SECTION: ".abs_section_1841"
  _PTASE 
SECTION: ".abs_section_1842"
  _PTADS 
SECTION: ".abs_section_1844"
  _PTBPE 
SECTION: ".abs_section_1845"
  _PTBSE 
SECTION: ".abs_section_1846"
  _PTBDS 
SECTION: ".abs_section_12"
  _ADCR 
SECTION: ".abs_section_14"
  _ADCCV 
SECTION: ".abs_section_20"
  _SCIBD 
SECTION: ".abs_section_41"
  _TPMCNT 
SECTION: ".abs_section_43"
  _TPMMOD 
SECTION: ".abs_section_46"
  _TPMC0V 
SECTION: ".abs_section_49"
  _TPMC1V 
SECTION: ".abs_section_1806"
  _SDID 
SECTION: ".abs_section_1810"
  _DBGCA 
SECTION: ".abs_section_1812"
  _DBGCB 
SECTION: ".abs_section_1814"
  _DBGF 

*********************************************************************************************
OBJECT LIST SORTED BY ADDRESS
     Name                                      Addr   hSize   dSize     Ref    Section   RLIB
---------------------------------------------------------------------------------------------
     _PTAD                                        0       1       1       2   .abs_section_0
     _PTADD                                       1       1       1       2   .abs_section_1
     _PTBD                                        2       1       1       3   .abs_section_2
     _PTBDD                                       3       1       1       3   .abs_section_3
     _KBISC                                       C       1       1       0   .abs_section_c
     _KBIPE                                       D       1       1       0   .abs_section_d
     _KBIES                                       E       1       1       0   .abs_section_e
     _IRQSC                                       F       1       1       0   .abs_section_f
     _ADCSC1                                     10       1       1       3   .abs_section_10
     _ADCSC2                                     11       1       1       1   .abs_section_11
     _ADCR                                       12       2       2       1   .abs_section_12
     _ADCCV                                      14       2       2       0   .abs_section_14
     _ADCCFG                                     16       1       1       1   .abs_section_16
     _APCTL1                                     17       1       1       1   .abs_section_17
     _ACMPSC                                     1A       1       1       0   .abs_section_1a
     _SCIBD                                      20       2       2       1   .abs_section_20
     _SCIC1                                      22       1       1       0   .abs_section_22
     _SCIC2                                      23       1       1       1   .abs_section_23
     _SCIS1                                      24       1       1       2   .abs_section_24
     _SCIS2                                      25       1       1       0   .abs_section_25
     _SCIC3                                      26       1       1       0   .abs_section_26
     _SCID                                       27       1       1       2   .abs_section_27
     _SPIC1                                      28       1       1       0   .abs_section_28
     _SPIC2                                      29       1       1       0   .abs_section_29
     _SPIBR                                      2A       1       1       0   .abs_section_2a
     _SPIS                                       2B       1       1       0   .abs_section_2b
     _SPID                                       2D       1       1       0   .abs_section_2d
     _IICA                                       30       1       1       0   .abs_section_30
     _IICF                                       31       1       1       0   .abs_section_31
     _IICC                                       32       1       1       0   .abs_section_32
     _IICS                                       33       1       1       0   .abs_section_33
     _IICD                                       34       1       1       0   .abs_section_34
     _ICSC1                                      38       1       1       0   .abs_section_38
     _ICSC2                                      39       1       1       0   .abs_section_39
     _ICSTRM                                     3A       1       1       0   .abs_section_3a
     _ICSSC                                      3B       1       1       0   .abs_section_3b
     _MTIMSC                                     3C       1       1       7   .abs_section_3c
     _MTIMCLK                                    3D       1       1       5   .abs_section_3d
     _MTIMCNT                                    3E       1       1       1   .abs_section_3e
     _MTIMMOD                                    3F       1       1       2   .abs_section_3f
     _TPMSC                                      40       1       1       4   .abs_section_40
     _TPMCNT                                     41       2       2       0   .abs_section_41
     _TPMMOD                                     43       2       2       4   .abs_section_43
     _TPMC0SC                                    45       1       1       0   .abs_section_45
     _TPMC0V                                     46       2       2       0   .abs_section_46
     _TPMC1SC                                    48       1       1       0   .abs_section_48
     _TPMC1V                                     49       2       2       0   .abs_section_49
     sgpu8stepValues                            100       8       8       1   .data       
     sgu8left                                   108       1       1       2   .data       
     sgu8isOn                                   109       1       1       2   .data       
     gpu8Msg                                    10A       E      14       7   .data       
     sgu8currentChannel                         118       1       1       2   .bss        
     u16delaytime                               119       2       2       1   .bss        
     u8PTADD                                    11B       1       1       5   .bss        
     u8PTBDD                                    11C       1       1       6   .bss        
     u8PTAD                                     11D       1       1       4   .bss        
     u8PTBD                                     11E       1       1       5   .bss        
     sgu8flagCounter                            11F       1       1       4   .bss        
     sgu8extraFlagsPDelay                       120       1       1       2   .bss        
     sgu8currentModulo                          121       1       1       1   .bss        
     sgu8isRunning                              122       1       1       3   .bss        
     sgu8flagCounter                            123       1       1       3   .bss        
     sgu8BusyFlag                               124       1       1       5   .bss        
     sgu8stateR                                 125       1       1       6   .bss        
     sgu8stateT                                 126       1       1       4   .bss        
     sgu8dir                                    127       1       1       3   .bss        
     sgu8isOn                                   128       1       1       3   .bss        
     sgu8RpmDigits                              129       3       3       6   .bss        
     sgu16RpmSpeed                              12C       2       2       4   .bss        
     sgu8data                                   12E       1       1       1   .bss        
     sgpu8String                                12F       2       2       3   .bss        
     sgu8counter                                131       1       1       3   .bss        
     sgu8index                                  132       1       1       6   .bss        
     gu8flagCounter                             133       1       1       4   .bss        
     gu8extraFlagsPDelay                        134       1       1       2   .bss        
     gu8running                                 135       1       1       6   .bss        
     gu8adcVoltage                              136       1       1       2   .bss        
     gu16adcVoltage                             137       2       2       2   .bss        
     sgu8count                                  139       1       1       5   .bss        
     _SRS                                      1800       1       1       5   .abs_section_1800
     _SBDFR                                    1801       1       1       0   .abs_section_1801
     _SOPT1                                    1802       1       1       0   .abs_section_1802
     _SOPT2                                    1803       1       1       0   .abs_section_1803
     _SDID                                     1806       2       2       0   .abs_section_1806
     _SRTISC                                   1808       1       1       5   .abs_section_1808
     _SPMSC1                                   1809       1       1       0   .abs_section_1809
     _SPMSC2                                   180A       1       1       0   .abs_section_180a
     _SPMSC3                                   180C       1       1       0   .abs_section_180c
     _DBGCA                                    1810       2       2       0   .abs_section_1810
     _DBGCB                                    1812       2       2       0   .abs_section_1812
     _DBGF                                     1814       2       2       0   .abs_section_1814
     _DBGC                                     1816       1       1       0   .abs_section_1816
     _DBGT                                     1817       1       1       0   .abs_section_1817
     _DBGS                                     1818       1       1       0   .abs_section_1818
     _FCDIV                                    1820       1       1       0   .abs_section_1820
     _FOPT                                     1821       1       1       0   .abs_section_1821
     _FCNFG                                    1823       1       1       0   .abs_section_1823
     _FPROT                                    1824       1       1       0   .abs_section_1824
     _FSTAT                                    1825       1       1       0   .abs_section_1825
     _FCMD                                     1826       1       1       0   .abs_section_1826
     _PTAPE                                    1840       1       1       0   .abs_section_1840
     _PTASE                                    1841       1       1       0   .abs_section_1841
     _PTADS                                    1842       1       1       0   .abs_section_1842
     _PTBPE                                    1844       1       1       0   .abs_section_1844
     _PTBSE                                    1845       1       1       0   .abs_section_1845
     _PTBDS                                    1846       1       1       0   .abs_section_1846
     loadByte                                  E000       E      14       5   .init       
     Init                                      E00E      71     113       1   .init       
     _Startup                                  E07F       9       9       0   .init       
     ADC_Init                                  E096       C      12       1   .text       
     ADC_Read_8                                E0A2       A      10       1   .text       
     ADC_StartConversion                       E0AC       6       6       1   .text       
     DelayManager_Init                         E0B2       A      10       1   .text       
     DelayManager_SetDelayBy10Rpm              E0BC      8E     142       2   .text       
     DelayManager_Delay                        E14A       4       4       2   .text       
     DelayManager_IsBusy                       E14E       4       4       1   .text       
     GPIO_ConfigPinDirection                   E152      84     132       1   .text       
     GPIO_WriteBitToPin                        E1D6      8E     142       4   .text       
     GPIO_ConfigPortOutputsByMask              E264      22      34       1   .text       
     MTIM_Init                                 E286       F      15       1   .text       
     MTIM_Start                                E295       8       8       1   .text       
     MTIM_Stop                                 E29D       3       3       1   .text       
     MTIM_Reset                                E2A0       3       3       1   .text       
     MTIM_SelectPrescaler                      E2A3      19      25       1   .text       
     MTIM_GetCount                             E2BC       3       3       1   .text       
     MTIM_ISR                                  E2BF      22      34       1   .text       
     RTI_Init                                  E2E1       6       6       1   .text       
     RTI_Start                                 E2E7       F      15       2   .text       
     RTI_Stop                                  E2F6       A      10       1   .text       
     RTI_isRunning                             E300       4       4       1   .text       
     RTI_interrupt                             E304      1A      26       1   .text       
     SerialManager_Init                        E31E      18      24       1   .text       
     SerialManager_GetValues                   E336      1F      31       1   .text       
     SerialManager_WriteString                 E355      12      18       1   .text       
     SerialManager_UpdateTask                  E367      3F      63       1   .text       
     SerialManager_IsBusy                      E3A6       4       4       1   .text       
     SCIreceive                                E3AA      10      16       1   .text       
     SerialManager_Send                        E3BA       C      12       1   .text       
     SerialManager_UpdateStateMachine          E3C6     267     615      28   .text       
     SpeedManager_Init                         E62D       4       4       1   .text       
     SpeedManager_ReadSpeedLevel               E631      39      57       1   .text       
     StepperMotor_Init                         E66A      14      20       1   .text       
     StepperMotor_NextStep                     E67E      36      54       1   .text       
     StepperMotor_SetDirection                 E6B4       6       6       1   .text       
     StepperMotor_TurnOnOff                    E6BA       6       6       1   .text       
     StepperMotor_WriteCurrentStep             E6C0      4F      79       2   .text       
     TPM_Init                                  E70F      12      18       1   .text       
     TPM_SetMicroSecPFlag                      E721       F      15       2   .text       
     TPM_Start                                 E730       F      15       1   .text       
     TPM_Stop                                  E73F       F      15       1   .text       
     TMP_IsRunning                             E74E       4       4       1   .text       
     TMP_ISR                                   E752      20      32       1   .text       
     main                                      E772      8D     141       1   .text       
     Send_Msg                                  E7FF      B8     184       1   .text       
     _IDIVMOD                                  E8B7      69     105       3   .text       
     _SPLITSIGN                                E920      1C      28       2   .text       
     _IMUL_STAR08                              E93C      27      39       3   .text       
     _IDIVS_STAR08                             E963      1B      27       3   .text       
     _IDIVU_STAR08                             E97E       D      13       4   .text       
     _IMODS_STAR08                             E98B      25      37       3   .text       
     _IMODU_STAR08                             E9B0      10      16       1   .text       
     _IDIVU_8                                  E9C0       E      14       1   .text       
     _IMODU_8                                  E9CE      12      18       1   .text       
     _IASR                                     E9E0       C      12       4   .text       
     _ICMP                                     E9EC      16      22       2   .text       
     _Jump_Table_Header_Addr                   EA02      2F      47       1   .text       
     _Vector_23                                FFD0       2       2       0   .abs_section_ffd0
     _Vector_15                                FFE0       2       2       0   .abs_section_ffe0
     _Vector_12                                FFE6       2       2       0   .abs_section_ffe6
     _Vector_7                                 FFF0       2       2       0   .abs_section_fff0

*********************************************************************************************
UNUSED-OBJECTS SECTION
---------------------------------------------------------------------------------------------
NOT USED PROCEDURES
ADC_c.obj:
  ADC_Read_10 ADC_ConfigResolution ADC_selectChannel 
GPIO_c.obj:
  GPIO_ConfigPortDirection GPIO_ConfigPortDirection_Mask GPIO_ReadPort 
  GPIO_ReadPin GPIO_WriteByteToPort GPIO_ConfigPortInputsByMask 
  GPIO_ClearPortPinsByMask GPIO_SetPortPinsByMask 
MTIM_c.obj:
  MTIM_IsRunning MTIM_SelectClkSource MTIM_InterruptOn MTIM_InterruptOff 
  MTIM_SetTimerModulo MTIM_SetExtraFlags 
SerialManager_c.obj:
  SerialManager_SetBaudRate 
TPM_c.obj:
  TPM_SetExtraFlags 
rtshc08.o (ansiis.lib):
  _PUSH_ARGS_L _PUSH_ARGS_D _ENTER_UNARY_L _ENTER_UNARY_L64 _ENTER_UNARY_L64_4 
  _ENTER_BINARY_L _ENTER_BINARY_L_RC _ENTER_BINARY_L_LC _ENTER_BINARY_L64 
  _ENTER_BINARY_L64_LC _ENTER_BINARY_L64_RC _LADD_k_is_k_plus_j 
  _k_is_k_plus_j_l _k_is_k_plus_j_i _LSUB_k_is_k_minus_j _LAND_k_is_k_and_j 
  _LOR_k_is_k_or_j _LXOR_k_is_k_xor_j _LMUL_k_is_k_mul_j _LDIVMOD _NEG_L_HX 
  _ABS_L_HX _SPLITSIGN_L _LMODU_k_is_k_mod_j _LDIVU_k_is_k_div_j 
  _LMODS_k_is_k_mod_j _LDIVS_k_is_k_div_j _LCMP_k_rel_j _CMP24_k_rel_j _BMULS 
  _BDIVS _BMODS _ILSR _ILSL _LINC _LDEC _LNEG _LNOT _LADD _LADD_RC _LSUB 
  _LSUB_LC _LSUB_RC _LAND _LAND_RC _LOR _LOR_RC _LXOR _LXOR_RC _LMUL _LMUL_RC 
  _LDIVS _LDIVS_LC _LDIVS_RC _LDIVU _LDIVU_LC _LDIVU_RC _LMODS _LMODS_LC 
  _LMODS_RC _LMODU _LMODU_LC _LMODU_RC _LASR _LLSR _LLSL _LCMP _LCMP_RC 
  _PUSH_ARGS_24 _ENTER_BINARY_24_RC _ENTER_BINARY_24 _CMP24 _CMP24_RC _COPY 
  _COPY_L _POP32 _POP64 _STORE32 _STORE64 _SEXT8_32 _SEXT16_32 _CALL_STAR08 
  _CALL_STAR08_FAR _Jump_Table_Addr _Jump_Table_Offset 
  _Jump_Table_Header_Offset _Search_Table_16_Addr _Search_Table_16_Offset 
  _Search_Table_8_Addr _Search_Table_8_Offset _PUSH_CC _POP_CC 
  _CONV_FAR_TO_NEAR _CONV_FAR_TO_LINEAR _CONV_LINEAR_TO_FAR 
NOT USED VARIABLES
rtshc08.o (ansiis.lib):
  _PowOfTwo_8 _PowOfTwo_16 _PowOfTwo_32 errno 

*********************************************************************************************
COPYDOWN SECTION
---------------------------------------------------------------------------------------------
------- ROM-ADDRESS: 0xEA31 ---- SIZE       4 ---
Filling bytes inserted
 00170100
------- ROM-ADDRESS: 0xEA35 ---- RAM-ADDRESS: 0x100 ---- SIZE       8 ---
Name of initialized Object : sgpu8stepValues
 0103020604 0C0809
------- ROM-ADDRESS: 0xEA3D ---- RAM-ADDRESS: 0x108 ---- SIZE       1 ---
Name of initialized Object : sgu8left
 01
------- ROM-ADDRESS: 0xEA3E ---- RAM-ADDRESS: 0x109 ---- SIZE       1 ---
Name of initialized Object : sgu8isOn
 01
------- ROM-ADDRESS: 0xEA3F ---- RAM-ADDRESS: 0x10A ---- SIZE      13 ---
Name of initialized Object : gpu8Msg
 202E202056 2020202075 730D0A
------- ROM-ADDRESS: 0xEA4C ---- SIZE       2 ---
Filling bytes inserted
 0000

*********************************************************************************************
OBJECT-DEPENDENCIES SECTION
---------------------------------------------------------------------------------------------
Init                      USES _startupData loadByte 
_Startup                  USES __SEG_END_SSTACK Init main 
ADC_Init                  USES _ADCCFG _ADCSC2 _ADCSC1 sgu8currentChannel 
                                _APCTL1 
ADC_Read_8                USES _ADCSC1 _ADCR 
ADC_StartConversion       USES sgu8currentChannel _ADCSC1 
DelayManager_Init         USES TPM_Init TPM_SetMicroSecPFlag 
DelayManager_SetDelayBy10Rpm USES _IMUL_STAR08 _IDIVU_STAR08 u16delaytime 
                                TPM_SetMicroSecPFlag 
DelayManager_Delay        USES TPM_Start 
DelayManager_IsBusy       USES TMP_IsRunning 
GPIO_ConfigPinDirection   USES u8PTBDD _PTBDD _IASR u8PTADD _PTADD 
GPIO_WriteBitToPin        USES _PTAD u8PTAD _PTBD u8PTBD _IASR 
GPIO_ConfigPortOutputsByMask USES u8PTBDD _PTBDD u8PTADD _PTADD 
MTIM_Init                 USES _MTIMSC _MTIMCLK _MTIMMOD sgu8flagCounter 
                                sgu8extraFlagsPDelay 
MTIM_Start                USES sgu8currentModulo _MTIMMOD _MTIMSC 
MTIM_Stop                 USES _MTIMSC 
MTIM_Reset                USES _MTIMSC 
MTIM_SelectPrescaler      USES _MTIMCLK 
MTIM_GetCount             USES _MTIMCNT 
MTIM_ISR                  USES _MTIMSC sgu8flagCounter sgu8extraFlagsPDelay 
                                _ICMP 
RTI_Init                  USES _SRTISC 
RTI_Start                 USES _SRTISC sgu8isRunning sgu8flagCounter 
RTI_Stop                  USES _SRTISC sgu8isRunning 
RTI_isRunning             USES sgu8isRunning 
RTI_interrupt             USES _SRTISC sgu8flagCounter RTI_Stop 
SerialManager_Init        USES _SCIBD _SCIC2 sgu8stateR sgu8stateT 
                                sgu16RpmSpeed sgu8BusyFlag 
SerialManager_GetValues   USES sgu8dir sgu8isOn sgu16RpmSpeed 
SerialManager_WriteString USES sgu8BusyFlag sgpu8String sgu8counter 
SerialManager_UpdateTask  USES sgu8stateT sgu8BusyFlag sgpu8String 
                                SerialManager_Send sgu8counter 
SerialManager_IsBusy      USES sgu8BusyFlag 
SCIreceive                USES _SCIS1 _SCID sgu8data 
                                SerialManager_UpdateStateMachine _SRS 
SerialManager_Send        USES _SCIS1 _SCID 
SerialManager_UpdateStateMachine USES sgu8stateR 
                                SerialManager_UpdateStateMachine _Jump_Table_Header_Addr sgu8dir sgu8isOn 
                                sgu8RpmDigits _IMUL_STAR08 sgu16RpmSpeed 
SpeedManager_Init         USES ADC_Init 
SpeedManager_ReadSpeedLevel USES ADC_StartConversion ADC_Read_8 
StepperMotor_Init         USES GPIO_ConfigPortOutputsByMask 
                                GPIO_ConfigPinDirection StepperMotor_WriteCurrentStep 
StepperMotor_NextStep     USES sgu8isOn sgu8left sgu8index 
                                StepperMotor_WriteCurrentStep 
StepperMotor_SetDirection USES sgu8left 
StepperMotor_TurnOnOff    USES sgu8isOn 
StepperMotor_WriteCurrentStep USES sgu8index sgpu8stepValues 
                                GPIO_WriteBitToPin 
TPM_Init                  USES _TPMSC _TPMMOD gu8flagCounter 
                                gu8extraFlagsPDelay gu8running 
TPM_SetMicroSecPFlag      USES _TPMMOD 
TPM_Start                 USES gu8running _TPMSC 
TPM_Stop                  USES gu8running _TPMSC 
TMP_IsRunning             USES gu8running 
TMP_ISR                   USES _TPMSC gu8flagCounter gu8extraFlagsPDelay _ICMP 
                                TPM_Stop 
main                      USES SpeedManager_Init DelayManager_Init 
                                StepperMotor_Init SerialManager_Init 
                                DelayManager_SetDelayBy10Rpm DelayManager_Delay RTI_Init RTI_Start 
                                MTIM_Init MTIM_SelectPrescaler MTIM_Start 
                                SerialManager_GetValues DelayManager_IsBusy StepperMotor_TurnOnOff 
                                StepperMotor_SetDirection StepperMotor_NextStep SerialManager_UpdateTask 
                                RTI_isRunning SerialManager_IsBusy 
                                SpeedManager_ReadSpeedLevel Send_Msg _SRS MTIM_Stop MTIM_GetCount 
                                sgu8count MTIM_Reset 
Send_Msg                  USES _SRS gu16adcVoltage _IDIVU_STAR08 _IDIVU_8 
                                gpu8Msg _IMODU_8 gu8adcVoltage _IDIVS_STAR08 
                                _IMODS_STAR08 sgu8count SerialManager_WriteString 
_SPLITSIGN                USES _IDIVMOD 
_IDIVS_STAR08             USES _SPLITSIGN 
_IDIVU_STAR08             USES _IDIVMOD 
_IMODS_STAR08             USES _SPLITSIGN 
_IMODU_STAR08             USES _IDIVMOD 
_IDIVU_8                  USES _IDIVU_STAR08 
_IMODU_8                  USES _IMODU_STAR08 
_Vector_23                USES RTI_interrupt 
_Vector_15                USES SCIreceive 
_Vector_12                USES MTIM_ISR 
_Vector_7                 USES TMP_ISR 

*********************************************************************************************
DEPENDENCY TREE
*********************************************************************************************
 main and _Startup Group
 | 
 +- main                
 |  | 
 |  +- SpeedManager_Init   
 |  |  | 
 |  |  +- ADC_Init            
 |  |       
 |  +- DelayManager_Init   
 |  |  | 
 |  |  +- TPM_Init            
 |  |  |    
 |  |  +- TPM_SetMicroSecPFlag
 |  |       
 |  +- StepperMotor_Init   
 |  |  | 
 |  |  +- GPIO_ConfigPortOutputsByMask
 |  |  |    
 |  |  +- GPIO_ConfigPinDirection
 |  |  |  | 
 |  |  |  +- _IASR               
 |  |  |       
 |  |  +- StepperMotor_WriteCurrentStep
 |  |     | 
 |  |     +- GPIO_WriteBitToPin  
 |  |        | 
 |  |        +- _IASR                (see above)
 |  |           
 |  +- SerialManager_Init  
 |  |    
 |  +- DelayManager_SetDelayBy10Rpm
 |  |  | 
 |  |  +- _IMUL_STAR08        
 |  |  |    
 |  |  +- _IDIVU_STAR08       
 |  |  |  | 
 |  |  |  +- _IDIVMOD            
 |  |  |       
 |  |  +- TPM_SetMicroSecPFlag (see above)
 |  |     
 |  +- DelayManager_Delay  
 |  |  | 
 |  |  +- TPM_Start           
 |  |       
 |  +- RTI_Init            
 |  |    
 |  +- RTI_Start           
 |  |    
 |  +- MTIM_Init           
 |  |    
 |  +- MTIM_SelectPrescaler
 |  |    
 |  +- MTIM_Start          
 |  |    
 |  +- SerialManager_GetValues
 |  |    
 |  +- DelayManager_IsBusy 
 |  |  | 
 |  |  +- TMP_IsRunning       
 |  |       
 |  +- StepperMotor_TurnOnOff
 |  |    
 |  +- StepperMotor_SetDirection
 |  |    
 |  +- StepperMotor_NextStep
 |  |  | 
 |  |  +- StepperMotor_WriteCurrentStep (see above)
 |  |     
 |  +- SerialManager_UpdateTask
 |  |  | 
 |  |  +- SerialManager_Send  
 |  |       
 |  +- RTI_isRunning       
 |  |    
 |  +- SerialManager_IsBusy
 |  |    
 |  +- SpeedManager_ReadSpeedLevel
 |  |  | 
 |  |  +- ADC_StartConversion 
 |  |  |    
 |  |  +- ADC_Read_8          
 |  |       
 |  +- Send_Msg            
 |  |  | 
 |  |  +- _IDIVU_STAR08        (see above)
 |  |  |  
 |  |  +- _IDIVU_8            
 |  |  |  | 
 |  |  |  +- _IDIVU_STAR08        (see above)
 |  |  |     
 |  |  +- _IMODU_8            
 |  |  |  | 
 |  |  |  +- _IMODU_STAR08       
 |  |  |     | 
 |  |  |     +- _IDIVMOD             (see above)
 |  |  |        
 |  |  +- _IDIVS_STAR08       
 |  |  |  | 
 |  |  |  +- _SPLITSIGN          
 |  |  |     | 
 |  |  |     +- _IDIVMOD             (see above)
 |  |  |        
 |  |  +- _IMODS_STAR08       
 |  |  |  | 
 |  |  |  +- _SPLITSIGN           (see above)
 |  |  |     
 |  |  +- SerialManager_WriteString
 |  |       
 |  +- MTIM_Stop           
 |  |    
 |  +- MTIM_GetCount       
 |  |    
 |  +- MTIM_Reset          
 |       
 +- _Startup            
    | 
    +- Init                
    |  | 
    |  +- loadByte            
    |       
    +- main                 (see above)
       
 _Vector_12          
 | 
 +- MTIM_ISR            
    | 
    +- _ICMP               
         
 _Vector_23          
 | 
 +- RTI_interrupt       
    | 
    +- RTI_Stop            
         
 _Vector_15          
 | 
 +- SCIreceive          
    | 
    +- SerialManager_UpdateStateMachine
       | 
       +- _Jump_Table_Header_Addr
       |    
       +- _IMUL_STAR08         (see above)
          
 _Vector_7           
 | 
 +- TMP_ISR             
    | 
    +- _ICMP                (see above)
    |  
    +- TPM_Stop            
         
*********************************************************************************************
STATISTIC SECTION
---------------------------------------------------------------------------------------------

ExeFile:
--------
Number of blocks to be downloaded: 8
Total size of all blocks to be downloaded: 2648

