*** EVALUATION ***
PROGRAM "8bitADCtoLCD.abs"

*********************************************************************************************
TARGET SECTION
---------------------------------------------------------------------------------------------
Processor   : Freescale HC08
Memory Model: SMALL
File Format : ELF\DWARF 2.0
Linker      : SmartLinker V-5.0.49 Build 12319, Nov 15 2012

*********************************************************************************************
FILE SECTION
---------------------------------------------------------------------------------------------
GPIO_c.obj                              Model: SMALL,         Lang: ANSI-C
LcdManager_c.obj                        Model: SMALL,         Lang: ANSI-C
main_c.obj                              Model: SMALL,         Lang: ANSI-C
start08_c.obj                           Model: SMALL,         Lang: ANSI-C
mc9s08qg8_c.obj                         Model: SMALL,         Lang: ANSI-C
rtshc08.o (ansiis.lib)                  Model: SMALL,         Lang: ANSI-C

*********************************************************************************************
STARTUP SECTION
---------------------------------------------------------------------------------------------
Entry point: 0xE07B (_Startup)
_startupData is allocated at 0xE084 and uses 6 Bytes
extern struct _tagStartup {
  unsigned nofZeroOut     1
  _Range   pZeroOut       0x100     32
  _Copy    *toCopyDownBeg 0xE4CC
} _startupData;

*********************************************************************************************
SECTION-ALLOCATION SECTION
Section Name                    Size  Type     From       To       Segment
---------------------------------------------------------------------------------------------
.data                              4   R/W      0x100      0x103   RAM
.init                            132     R     0xE000     0xE083   ROM
.startData                        14     R     0xE084     0xE091   ROM
.text                           1082     R     0xE092     0xE4CB   ROM
.copy                              9     R     0xE4CC     0xE4D4   ROM
.abs_section_0                     1   N/I        0x0        0x0   .absSeg0
.abs_section_1                     1   N/I        0x1        0x1   .absSeg1
.abs_section_2                     1   N/I        0x2        0x2   .absSeg2
.abs_section_3                     1   N/I        0x3        0x3   .absSeg3
.abs_section_c                     1   N/I        0xC        0xC   .absSeg4
.abs_section_d                     1   N/I        0xD        0xD   .absSeg5
.abs_section_e                     1   N/I        0xE        0xE   .absSeg6
.abs_section_f                     1   N/I        0xF        0xF   .absSeg7
.abs_section_10                    1   N/I       0x10       0x10   .absSeg8
.abs_section_11                    1   N/I       0x11       0x11   .absSeg9
.abs_section_16                    1   N/I       0x16       0x16   .absSeg10
.abs_section_17                    1   N/I       0x17       0x17   .absSeg11
.abs_section_1a                    1   N/I       0x1A       0x1A   .absSeg12
.abs_section_22                    1   N/I       0x22       0x22   .absSeg13
.abs_section_23                    1   N/I       0x23       0x23   .absSeg14
.abs_section_24                    1   N/I       0x24       0x24   .absSeg15
.abs_section_25                    1   N/I       0x25       0x25   .absSeg16
.abs_section_26                    1   N/I       0x26       0x26   .absSeg17
.abs_section_27                    1   N/I       0x27       0x27   .absSeg18
.abs_section_28                    1   N/I       0x28       0x28   .absSeg19
.abs_section_29                    1   N/I       0x29       0x29   .absSeg20
.abs_section_2a                    1   N/I       0x2A       0x2A   .absSeg21
.abs_section_2b                    1   N/I       0x2B       0x2B   .absSeg22
.abs_section_2d                    1   N/I       0x2D       0x2D   .absSeg23
.abs_section_30                    1   N/I       0x30       0x30   .absSeg24
.abs_section_31                    1   N/I       0x31       0x31   .absSeg25
.abs_section_32                    1   N/I       0x32       0x32   .absSeg26
.abs_section_33                    1   N/I       0x33       0x33   .absSeg27
.abs_section_34                    1   N/I       0x34       0x34   .absSeg28
.abs_section_38                    1   N/I       0x38       0x38   .absSeg29
.abs_section_39                    1   N/I       0x39       0x39   .absSeg30
.abs_section_3a                    1   N/I       0x3A       0x3A   .absSeg31
.abs_section_3b                    1   N/I       0x3B       0x3B   .absSeg32
.abs_section_3c                    1   N/I       0x3C       0x3C   .absSeg33
.abs_section_3d                    1   N/I       0x3D       0x3D   .absSeg34
.abs_section_3e                    1   N/I       0x3E       0x3E   .absSeg35
.abs_section_3f                    1   N/I       0x3F       0x3F   .absSeg36
.abs_section_40                    1   N/I       0x40       0x40   .absSeg37
.abs_section_45                    1   N/I       0x45       0x45   .absSeg38
.abs_section_48                    1   N/I       0x48       0x48   .absSeg39
.abs_section_1800                  1   N/I     0x1800     0x1800   .absSeg40
.abs_section_1801                  1   N/I     0x1801     0x1801   .absSeg41
.abs_section_1802                  1   N/I     0x1802     0x1802   .absSeg42
.abs_section_1803                  1   N/I     0x1803     0x1803   .absSeg43
.abs_section_1808                  1   N/I     0x1808     0x1808   .absSeg44
.abs_section_1809                  1   N/I     0x1809     0x1809   .absSeg45
.abs_section_180a                  1   N/I     0x180A     0x180A   .absSeg46
.abs_section_180c                  1   N/I     0x180C     0x180C   .absSeg47
.abs_section_1816                  1   N/I     0x1816     0x1816   .absSeg48
.abs_section_1817                  1   N/I     0x1817     0x1817   .absSeg49
.abs_section_1818                  1   N/I     0x1818     0x1818   .absSeg50
.abs_section_1820                  1   N/I     0x1820     0x1820   .absSeg51
.abs_section_1821                  1   N/I     0x1821     0x1821   .absSeg52
.abs_section_1823                  1   N/I     0x1823     0x1823   .absSeg53
.abs_section_1824                  1   N/I     0x1824     0x1824   .absSeg54
.abs_section_1825                  1   N/I     0x1825     0x1825   .absSeg55
.abs_section_1826                  1   N/I     0x1826     0x1826   .absSeg56
.abs_section_1840                  1   N/I     0x1840     0x1840   .absSeg57
.abs_section_1841                  1   N/I     0x1841     0x1841   .absSeg58
.abs_section_1842                  1   N/I     0x1842     0x1842   .absSeg59
.abs_section_1844                  1   N/I     0x1844     0x1844   .absSeg60
.abs_section_1845                  1   N/I     0x1845     0x1845   .absSeg61
.abs_section_1846                  1   N/I     0x1846     0x1846   .absSeg62
.abs_section_12                    2   N/I       0x12       0x13   .absSeg63
.abs_section_14                    2   N/I       0x14       0x15   .absSeg64
.abs_section_20                    2   N/I       0x20       0x21   .absSeg65
.abs_section_41                    2   N/I       0x41       0x42   .absSeg66
.abs_section_43                    2   N/I       0x43       0x44   .absSeg67
.abs_section_46                    2   N/I       0x46       0x47   .absSeg68
.abs_section_49                    2   N/I       0x49       0x4A   .absSeg69
.abs_section_1806                  2   N/I     0x1806     0x1807   .absSeg70
.abs_section_1810                  2   N/I     0x1810     0x1811   .absSeg71
.abs_section_1812                  2   N/I     0x1812     0x1813   .absSeg72
.abs_section_1814                  2   N/I     0x1814     0x1815   .absSeg73
.bss                              24   R/W      0x104      0x11B   RAM
.common                            4   R/W      0x11C      0x11F   RAM
.stack                            64   R/W      0x120      0x15F   RAM
.vectSeg74_vect                    2     R     0xFFFE     0xFFFF   .vectSeg74

Summary of section sizes per section type:
READ_ONLY (R):         4D7 (dec:     1239)
READ_WRITE (R/W):       60 (dec:       96)
NO_INIT (N/I):          55 (dec:       85)

*********************************************************************************************
VECTOR-ALLOCATION SECTION
    Address     InitValue   InitFunction
---------------------------------------------------------------------------------------------
     0xFFFE        0xE07B   _Startup

*********************************************************************************************
OBJECT-ALLOCATION SECTION
     Name               Module                 Addr   hSize   dSize     Ref    Section   RLIB
---------------------------------------------------------------------------------------------
MODULE:                 -- GPIO_c.obj --
- PROCEDURES:
     GPIO_ConfigPortDirection                  E092      24      36       2   .text       
     GPIO_ReadPort                             E0B6      14      20       1   .text       
     GPIO_WriteBitToPin                        E0CA      74     116      11   .text       
     GPIO_ConfigPortOutputsByMask              E13E      1E      30       2   .text       
- VARIABLES:
     u8PTADD                                    104       1       1       3   .bss        
     u8PTBDD                                    105       1       1       3   .bss        
     u8PTAD                                     106       1       1       7   .bss        
     u8PTBD                                     107       1       1       6   .bss        
MODULE:                 -- LcdManager_c.obj --
- PROCEDURES:
     LcdManager_Init                           E15C      3B      59       1   .text       
     LcdManager_UpdateTask                     E197      4D      77       1   .text       
     LcdManager_WriteString                    E1E4      32      50       1   .text       
     LcdManager_IsBusy                         E216       4       4       1   .text       
     LcdManager_SetRequestedPosition           E21A      28      40       1   .text       
     LcdManager_ClearCmd                       E242      17      23       1   .text       
     LcdManager_Send                           E259      31      49       5   .text       
     LcdManager_PulseForClearCmd               E28A      17      23       1   .text       
     LcdManager_200usEnablePulse               E2A1      17      23       5   .text       
     LcdManager_WriteDataPort                  E2B8      3D      61       6   .text       
     LcdManager_5msDelay                       E2F5       C      12       1   .text       
     LcdManager_100usDelay                     E301       8       8       3   .text       
     LcdManager_20msDelay                      E309       C      12       1   .text       
- VARIABLES:
     sgu8currentState                           108       1       1       5   .bss        
     sgu8LcdBusyFlag                            109       1       1       4   .bss        
     sgu8offset1                                10A       1       1       2   .bss        
     sgpu8String1                               10B       2       2       3   .bss        
     sgu8counter1                               10D       1       1       3   .bss        
     sgu8offset2                                10E       1       1       2   .bss        
     sgpu8String2                               10F       2       2       1   .bss        
     sgu8counter2                               111       1       1       1   .bss        
MODULE:                 -- main_c.obj --
- PROCEDURES:
     main                                      E315      CC     204       3   .text       
- VARIABLES:
     diametro                                   100       2       2       1   .data       
     factor_conversion                          102       2       2       1   .data       
     count_to_send                              112       2       2       2   .bss        
     sgpu8_3bitLcdMsg                           114       8       8       5   .bss        
     u16RpmSpeed                                11C       2       2       2   .common     
     u16count_of_ms                             11E       2       2       1   .common     
MODULE:                 -- start08_c.obj --
- PROCEDURES:
     loadByte                                  E000       E      14       5   .init       
     Init                                      E00E      6D     109       1   .init       
     _Startup                                  E07B       9       9       0   .init       
- VARIABLES:
     _startupData                              E084       6       6       4   .startData  
- LABELS:
     __SEG_END_SSTACK                           160       0       0       1               
MODULE:                 -- mc9s08qg8_c.obj --
- PROCEDURES:
- VARIABLES:
     _PTAD                                        0       1       1       4   .abs_section_0
     _PTADD                                       1       1       1       2   .abs_section_1
     _PTBD                                        2       1       1       4   .abs_section_2
     _PTBDD                                       3       1       1       2   .abs_section_3
     _KBISC                                       C       1       1       0   .abs_section_c
     _KBIPE                                       D       1       1       0   .abs_section_d
     _KBIES                                       E       1       1       0   .abs_section_e
     _IRQSC                                       F       1       1       0   .abs_section_f
     _ADCSC1                                     10       1       1       0   .abs_section_10
     _ADCSC2                                     11       1       1       0   .abs_section_11
     _ADCCFG                                     16       1       1       0   .abs_section_16
     _APCTL1                                     17       1       1       0   .abs_section_17
     _ACMPSC                                     1A       1       1       0   .abs_section_1a
     _SCIC1                                      22       1       1       0   .abs_section_22
     _SCIC2                                      23       1       1       0   .abs_section_23
     _SCIS1                                      24       1       1       0   .abs_section_24
     _SCIS2                                      25       1       1       0   .abs_section_25
     _SCIC3                                      26       1       1       0   .abs_section_26
     _SCID                                       27       1       1       0   .abs_section_27
     _SPIC1                                      28       1       1       0   .abs_section_28
     _SPIC2                                      29       1       1       0   .abs_section_29
     _SPIBR                                      2A       1       1       0   .abs_section_2a
     _SPIS                                       2B       1       1       0   .abs_section_2b
     _SPID                                       2D       1       1       0   .abs_section_2d
     _IICA                                       30       1       1       0   .abs_section_30
     _IICF                                       31       1       1       0   .abs_section_31
     _IICC                                       32       1       1       0   .abs_section_32
     _IICS                                       33       1       1       0   .abs_section_33
     _IICD                                       34       1       1       0   .abs_section_34
     _ICSC1                                      38       1       1       0   .abs_section_38
     _ICSC2                                      39       1       1       0   .abs_section_39
     _ICSTRM                                     3A       1       1       0   .abs_section_3a
     _ICSSC                                      3B       1       1       0   .abs_section_3b
     _MTIMSC                                     3C       1       1       0   .abs_section_3c
     _MTIMCLK                                    3D       1       1       0   .abs_section_3d
     _MTIMCNT                                    3E       1       1       0   .abs_section_3e
     _MTIMMOD                                    3F       1       1       0   .abs_section_3f
     _TPMSC                                      40       1       1       0   .abs_section_40
     _TPMC0SC                                    45       1       1       0   .abs_section_45
     _TPMC1SC                                    48       1       1       0   .abs_section_48
     _SRS                                      1800       1       1       4   .abs_section_1800
     _SBDFR                                    1801       1       1       0   .abs_section_1801
     _SOPT1                                    1802       1       1       0   .abs_section_1802
     _SOPT2                                    1803       1       1       0   .abs_section_1803
     _SRTISC                                   1808       1       1       0   .abs_section_1808
     _SPMSC1                                   1809       1       1       0   .abs_section_1809
     _SPMSC2                                   180A       1       1       0   .abs_section_180a
     _SPMSC3                                   180C       1       1       0   .abs_section_180c
     _DBGC                                     1816       1       1       0   .abs_section_1816
     _DBGT                                     1817       1       1       0   .abs_section_1817
     _DBGS                                     1818       1       1       0   .abs_section_1818
     _FCDIV                                    1820       1       1       0   .abs_section_1820
     _FOPT                                     1821       1       1       0   .abs_section_1821
     _FCNFG                                    1823       1       1       0   .abs_section_1823
     _FPROT                                    1824       1       1       0   .abs_section_1824
     _FSTAT                                    1825       1       1       0   .abs_section_1825
     _FCMD                                     1826       1       1       0   .abs_section_1826
     _PTAPE                                    1840       1       1       0   .abs_section_1840
     _PTASE                                    1841       1       1       0   .abs_section_1841
     _PTADS                                    1842       1       1       0   .abs_section_1842
     _PTBPE                                    1844       1       1       0   .abs_section_1844
     _PTBSE                                    1845       1       1       0   .abs_section_1845
     _PTBDS                                    1846       1       1       0   .abs_section_1846
     _ADCR                                       12       2       2       0   .abs_section_12
     _ADCCV                                      14       2       2       0   .abs_section_14
     _SCIBD                                      20       2       2       0   .abs_section_20
     _TPMCNT                                     41       2       2       0   .abs_section_41
     _TPMMOD                                     43       2       2       0   .abs_section_43
     _TPMC0V                                     46       2       2       0   .abs_section_46
     _TPMC1V                                     49       2       2       0   .abs_section_49
     _SDID                                     1806       2       2       0   .abs_section_1806
     _DBGCA                                    1810       2       2       0   .abs_section_1810
     _DBGCB                                    1812       2       2       0   .abs_section_1812
     _DBGF                                     1814       2       2       0   .abs_section_1814
MODULE:                 -- rtshc08.o (ansiis.lib) --
- PROCEDURES:
     _IDIVMOD                                  E3E1      69     105       2   .text       
     _IMUL_STAR08                              E44A      27      39       2   .text       
     _IDIVU_STAR08                             E471       D      13       3   .text       
     _IMODU_STAR08                             E47E      10      16       2   .text       
     _IDIVU_8                                  E48E       E      14       1   .text       
     _ILSR                                     E49C       C      12       1   .text       
     _Jump_Table_Header_Offset                 E4A8      24      36       1   .text       
- VARIABLES:

*********************************************************************************************
MODULE STATISTIC
  Name                                      Data   Code  Const
---------------------------------------------------------------------------------------------
  GPIO_c.obj                                   4    202      0
  LcdManager_c.obj                            10    441      0
  main_c.obj                                  18    204      0
  start08_c.obj                                0    132      0
  mc9s08qg8_c.obj                             85      0      0
  rtshc08.o (ansiis.lib)                       0    235      0
  other                                       64     16      9

*********************************************************************************************
SECTION USE IN OBJECT-ALLOCATION SECTION
---------------------------------------------------------------------------------------------
SECTION: ".text"
  GPIO_ConfigPortDirection GPIO_ReadPort GPIO_WriteBitToPin 
  GPIO_ConfigPortOutputsByMask LcdManager_Init LcdManager_UpdateTask 
  LcdManager_WriteString LcdManager_IsBusy LcdManager_SetRequestedPosition 
  LcdManager_ClearCmd LcdManager_Send LcdManager_PulseForClearCmd 
  LcdManager_200usEnablePulse LcdManager_WriteDataPort LcdManager_5msDelay 
  LcdManager_100usDelay LcdManager_20msDelay main _IDIVMOD _IMUL_STAR08 
  _IDIVU_STAR08 _IMODU_STAR08 _IDIVU_8 _ILSR _Jump_Table_Header_Offset 
SECTION: ".data"
  diametro factor_conversion 
SECTION: ".bss"
  u8PTADD u8PTBDD u8PTAD u8PTBD sgu8currentState sgu8LcdBusyFlag sgu8offset1 
  sgpu8String1 sgu8counter1 sgu8offset2 sgpu8String2 sgu8counter2 count_to_send 
  sgpu8_3bitLcdMsg 
SECTION: ".init"
  loadByte Init _Startup 
SECTION: ".common"
  u16RpmSpeed u16count_of_ms 
SECTION: ".abs_section_0"
  _PTAD 
SECTION: ".abs_section_1"
  _PTADD 
SECTION: ".abs_section_2"
  _PTBD 
SECTION: ".abs_section_3"
  _PTBDD 
SECTION: ".abs_section_c"
  _KBISC 
SECTION: ".abs_section_d"
  _KBIPE 
SECTION: ".abs_section_e"
  _KBIES 
SECTION: ".abs_section_f"
  _IRQSC 
SECTION: ".abs_section_10"
  _ADCSC1 
SECTION: ".abs_section_11"
  _ADCSC2 
SECTION: ".abs_section_16"
  _ADCCFG 
SECTION: ".abs_section_17"
  _APCTL1 
SECTION: ".abs_section_1a"
  _ACMPSC 
SECTION: ".abs_section_22"
  _SCIC1 
SECTION: ".abs_section_23"
  _SCIC2 
SECTION: ".abs_section_24"
  _SCIS1 
SECTION: ".abs_section_25"
  _SCIS2 
SECTION: ".abs_section_26"
  _SCIC3 
SECTION: ".abs_section_27"
  _SCID 
SECTION: ".abs_section_28"
  _SPIC1 
SECTION: ".abs_section_29"
  _SPIC2 
SECTION: ".abs_section_2a"
  _SPIBR 
SECTION: ".abs_section_2b"
  _SPIS 
SECTION: ".abs_section_2d"
  _SPID 
SECTION: ".abs_section_30"
  _IICA 
SECTION: ".abs_section_31"
  _IICF 
SECTION: ".abs_section_32"
  _IICC 
SECTION: ".abs_section_33"
  _IICS 
SECTION: ".abs_section_34"
  _IICD 
SECTION: ".abs_section_38"
  _ICSC1 
SECTION: ".abs_section_39"
  _ICSC2 
SECTION: ".abs_section_3a"
  _ICSTRM 
SECTION: ".abs_section_3b"
  _ICSSC 
SECTION: ".abs_section_3c"
  _MTIMSC 
SECTION: ".abs_section_3d"
  _MTIMCLK 
SECTION: ".abs_section_3e"
  _MTIMCNT 
SECTION: ".abs_section_3f"
  _MTIMMOD 
SECTION: ".abs_section_40"
  _TPMSC 
SECTION: ".abs_section_45"
  _TPMC0SC 
SECTION: ".abs_section_48"
  _TPMC1SC 
SECTION: ".abs_section_1800"
  _SRS 
SECTION: ".abs_section_1801"
  _SBDFR 
SECTION: ".abs_section_1802"
  _SOPT1 
SECTION: ".abs_section_1803"
  _SOPT2 
SECTION: ".abs_section_1808"
  _SRTISC 
SECTION: ".abs_section_1809"
  _SPMSC1 
SECTION: ".abs_section_180a"
  _SPMSC2 
SECTION: ".abs_section_180c"
  _SPMSC3 
SECTION: ".abs_section_1816"
  _DBGC 
SECTION: ".abs_section_1817"
  _DBGT 
SECTION: ".abs_section_1818"
  _DBGS 
SECTION: ".abs_section_1820"
  _FCDIV 
SECTION: ".abs_section_1821"
  _FOPT 
SECTION: ".abs_section_1823"
  _FCNFG 
SECTION: ".abs_section_1824"
  _FPROT 
SECTION: ".abs_section_1825"
  _FSTAT 
SECTION: ".abs_section_1826"
  _FCMD 
SECTION: ".abs_section_1840"
  _PTAPE 
SECTION: ".abs_section_1841"
  _PTASE 
SECTION: ".abs_section_1842"
  _PTADS 
SECTION: ".abs_section_1844"
  _PTBPE 
SECTION: ".abs_section_1845"
  _PTBSE 
SECTION: ".abs_section_1846"
  _PTBDS 
SECTION: ".abs_section_12"
  _ADCR 
SECTION: ".abs_section_14"
  _ADCCV 
SECTION: ".abs_section_20"
  _SCIBD 
SECTION: ".abs_section_41"
  _TPMCNT 
SECTION: ".abs_section_43"
  _TPMMOD 
SECTION: ".abs_section_46"
  _TPMC0V 
SECTION: ".abs_section_49"
  _TPMC1V 
SECTION: ".abs_section_1806"
  _SDID 
SECTION: ".abs_section_1810"
  _DBGCA 
SECTION: ".abs_section_1812"
  _DBGCB 
SECTION: ".abs_section_1814"
  _DBGF 

*********************************************************************************************
OBJECT LIST SORTED BY ADDRESS
     Name                                      Addr   hSize   dSize     Ref    Section   RLIB
---------------------------------------------------------------------------------------------
     _PTAD                                        0       1       1       4   .abs_section_0
     _PTADD                                       1       1       1       2   .abs_section_1
     _PTBD                                        2       1       1       4   .abs_section_2
     _PTBDD                                       3       1       1       2   .abs_section_3
     _KBISC                                       C       1       1       0   .abs_section_c
     _KBIPE                                       D       1       1       0   .abs_section_d
     _KBIES                                       E       1       1       0   .abs_section_e
     _IRQSC                                       F       1       1       0   .abs_section_f
     _ADCSC1                                     10       1       1       0   .abs_section_10
     _ADCSC2                                     11       1       1       0   .abs_section_11
     _ADCR                                       12       2       2       0   .abs_section_12
     _ADCCV                                      14       2       2       0   .abs_section_14
     _ADCCFG                                     16       1       1       0   .abs_section_16
     _APCTL1                                     17       1       1       0   .abs_section_17
     _ACMPSC                                     1A       1       1       0   .abs_section_1a
     _SCIBD                                      20       2       2       0   .abs_section_20
     _SCIC1                                      22       1       1       0   .abs_section_22
     _SCIC2                                      23       1       1       0   .abs_section_23
     _SCIS1                                      24       1       1       0   .abs_section_24
     _SCIS2                                      25       1       1       0   .abs_section_25
     _SCIC3                                      26       1       1       0   .abs_section_26
     _SCID                                       27       1       1       0   .abs_section_27
     _SPIC1                                      28       1       1       0   .abs_section_28
     _SPIC2                                      29       1       1       0   .abs_section_29
     _SPIBR                                      2A       1       1       0   .abs_section_2a
     _SPIS                                       2B       1       1       0   .abs_section_2b
     _SPID                                       2D       1       1       0   .abs_section_2d
     _IICA                                       30       1       1       0   .abs_section_30
     _IICF                                       31       1       1       0   .abs_section_31
     _IICC                                       32       1       1       0   .abs_section_32
     _IICS                                       33       1       1       0   .abs_section_33
     _IICD                                       34       1       1       0   .abs_section_34
     _ICSC1                                      38       1       1       0   .abs_section_38
     _ICSC2                                      39       1       1       0   .abs_section_39
     _ICSTRM                                     3A       1       1       0   .abs_section_3a
     _ICSSC                                      3B       1       1       0   .abs_section_3b
     _MTIMSC                                     3C       1       1       0   .abs_section_3c
     _MTIMCLK                                    3D       1       1       0   .abs_section_3d
     _MTIMCNT                                    3E       1       1       0   .abs_section_3e
     _MTIMMOD                                    3F       1       1       0   .abs_section_3f
     _TPMSC                                      40       1       1       0   .abs_section_40
     _TPMCNT                                     41       2       2       0   .abs_section_41
     _TPMMOD                                     43       2       2       0   .abs_section_43
     _TPMC0SC                                    45       1       1       0   .abs_section_45
     _TPMC0V                                     46       2       2       0   .abs_section_46
     _TPMC1SC                                    48       1       1       0   .abs_section_48
     _TPMC1V                                     49       2       2       0   .abs_section_49
     diametro                                   100       2       2       1   .data       
     factor_conversion                          102       2       2       1   .data       
     u8PTADD                                    104       1       1       3   .bss        
     u8PTBDD                                    105       1       1       3   .bss        
     u8PTAD                                     106       1       1       7   .bss        
     u8PTBD                                     107       1       1       6   .bss        
     sgu8currentState                           108       1       1       5   .bss        
     sgu8LcdBusyFlag                            109       1       1       4   .bss        
     sgu8offset1                                10A       1       1       2   .bss        
     sgpu8String1                               10B       2       2       3   .bss        
     sgu8counter1                               10D       1       1       3   .bss        
     sgu8offset2                                10E       1       1       2   .bss        
     sgpu8String2                               10F       2       2       1   .bss        
     sgu8counter2                               111       1       1       1   .bss        
     count_to_send                              112       2       2       2   .bss        
     sgpu8_3bitLcdMsg                           114       8       8       5   .bss        
     u16RpmSpeed                                11C       2       2       2   .common     
     u16count_of_ms                             11E       2       2       1   .common     
     _SRS                                      1800       1       1       4   .abs_section_1800
     _SBDFR                                    1801       1       1       0   .abs_section_1801
     _SOPT1                                    1802       1       1       0   .abs_section_1802
     _SOPT2                                    1803       1       1       0   .abs_section_1803
     _SDID                                     1806       2       2       0   .abs_section_1806
     _SRTISC                                   1808       1       1       0   .abs_section_1808
     _SPMSC1                                   1809       1       1       0   .abs_section_1809
     _SPMSC2                                   180A       1       1       0   .abs_section_180a
     _SPMSC3                                   180C       1       1       0   .abs_section_180c
     _DBGCA                                    1810       2       2       0   .abs_section_1810
     _DBGCB                                    1812       2       2       0   .abs_section_1812
     _DBGF                                     1814       2       2       0   .abs_section_1814
     _DBGC                                     1816       1       1       0   .abs_section_1816
     _DBGT                                     1817       1       1       0   .abs_section_1817
     _DBGS                                     1818       1       1       0   .abs_section_1818
     _FCDIV                                    1820       1       1       0   .abs_section_1820
     _FOPT                                     1821       1       1       0   .abs_section_1821
     _FCNFG                                    1823       1       1       0   .abs_section_1823
     _FPROT                                    1824       1       1       0   .abs_section_1824
     _FSTAT                                    1825       1       1       0   .abs_section_1825
     _FCMD                                     1826       1       1       0   .abs_section_1826
     _PTAPE                                    1840       1       1       0   .abs_section_1840
     _PTASE                                    1841       1       1       0   .abs_section_1841
     _PTADS                                    1842       1       1       0   .abs_section_1842
     _PTBPE                                    1844       1       1       0   .abs_section_1844
     _PTBSE                                    1845       1       1       0   .abs_section_1845
     _PTBDS                                    1846       1       1       0   .abs_section_1846
     loadByte                                  E000       E      14       5   .init       
     Init                                      E00E      6D     109       1   .init       
     _Startup                                  E07B       9       9       0   .init       
     GPIO_ConfigPortDirection                  E092      24      36       2   .text       
     GPIO_ReadPort                             E0B6      14      20       1   .text       
     GPIO_WriteBitToPin                        E0CA      74     116      11   .text       
     GPIO_ConfigPortOutputsByMask              E13E      1E      30       2   .text       
     LcdManager_Init                           E15C      3B      59       1   .text       
     LcdManager_UpdateTask                     E197      4D      77       1   .text       
     LcdManager_WriteString                    E1E4      32      50       1   .text       
     LcdManager_IsBusy                         E216       4       4       1   .text       
     LcdManager_SetRequestedPosition           E21A      28      40       1   .text       
     LcdManager_ClearCmd                       E242      17      23       1   .text       
     LcdManager_Send                           E259      31      49       5   .text       
     LcdManager_PulseForClearCmd               E28A      17      23       1   .text       
     LcdManager_200usEnablePulse               E2A1      17      23       5   .text       
     LcdManager_WriteDataPort                  E2B8      3D      61       6   .text       
     LcdManager_5msDelay                       E2F5       C      12       1   .text       
     LcdManager_100usDelay                     E301       8       8       3   .text       
     LcdManager_20msDelay                      E309       C      12       1   .text       
     main                                      E315      CC     204       3   .text       
     _IDIVMOD                                  E3E1      69     105       2   .text       
     _IMUL_STAR08                              E44A      27      39       2   .text       
     _IDIVU_STAR08                             E471       D      13       3   .text       
     _IMODU_STAR08                             E47E      10      16       2   .text       
     _IDIVU_8                                  E48E       E      14       1   .text       
     _ILSR                                     E49C       C      12       1   .text       
     _Jump_Table_Header_Offset                 E4A8      24      36       1   .text       

*********************************************************************************************
UNUSED-OBJECTS SECTION
---------------------------------------------------------------------------------------------
NOT USED PROCEDURES
GPIO_c.obj:
  GPIO_ConfigPinDirection GPIO_ConfigPortDirection_Mask GPIO_ReadPin 
  GPIO_WriteByteToPort GPIO_ConfigPortInputsByMask GPIO_ClearPortPinsByMask 
  GPIO_SetPortPinsByMask 
rtshc08.o (ansiis.lib):
  _PUSH_ARGS_L _PUSH_ARGS_D _ENTER_UNARY_L _ENTER_UNARY_L64 _ENTER_UNARY_L64_4 
  _ENTER_BINARY_L _ENTER_BINARY_L_RC _ENTER_BINARY_L_LC _ENTER_BINARY_L64 
  _ENTER_BINARY_L64_LC _ENTER_BINARY_L64_RC _SPLITSIGN _LADD_k_is_k_plus_j 
  _k_is_k_plus_j_l _k_is_k_plus_j_i _LSUB_k_is_k_minus_j _LAND_k_is_k_and_j 
  _LOR_k_is_k_or_j _LXOR_k_is_k_xor_j _LMUL_k_is_k_mul_j _LDIVMOD _NEG_L_HX 
  _ABS_L_HX _SPLITSIGN_L _LMODU_k_is_k_mod_j _LDIVU_k_is_k_div_j 
  _LMODS_k_is_k_mod_j _LDIVS_k_is_k_div_j _LCMP_k_rel_j _CMP24_k_rel_j _BMULS 
  _BDIVS _BMODS _IDIVS_STAR08 _IMODS_STAR08 _IMODU_8 _IASR _ILSL _ICMP _LINC 
  _LDEC _LNEG _LNOT _LADD _LADD_RC _LSUB _LSUB_LC _LSUB_RC _LAND _LAND_RC _LOR 
  _LOR_RC _LXOR _LXOR_RC _LMUL _LMUL_RC _LDIVS _LDIVS_LC _LDIVS_RC _LDIVU 
  _LDIVU_LC _LDIVU_RC _LMODS _LMODS_LC _LMODS_RC _LMODU _LMODU_LC _LMODU_RC 
  _LASR _LLSR _LLSL _LCMP _LCMP_RC _PUSH_ARGS_24 _ENTER_BINARY_24_RC 
  _ENTER_BINARY_24 _CMP24 _CMP24_RC _COPY _COPY_L _POP32 _POP64 _STORE32 
  _STORE64 _SEXT8_32 _SEXT16_32 _CALL_STAR08 _CALL_STAR08_FAR _Jump_Table_Addr 
  _Jump_Table_Offset _Jump_Table_Header_Addr _Search_Table_16_Addr 
  _Search_Table_16_Offset _Search_Table_8_Addr _Search_Table_8_Offset _PUSH_CC 
  _POP_CC _CONV_FAR_TO_NEAR _CONV_FAR_TO_LINEAR _CONV_LINEAR_TO_FAR 
NOT USED VARIABLES
rtshc08.o (ansiis.lib):
  _PowOfTwo_8 _PowOfTwo_16 _PowOfTwo_32 errno 

*********************************************************************************************
COPYDOWN SECTION
---------------------------------------------------------------------------------------------
------- ROM-ADDRESS: 0xE4CC ---- SIZE       4 ---
Filling bytes inserted
 00030101
------- ROM-ADDRESS: 0xE4D0 ---- RAM-ADDRESS: 0x101 ---- SIZE       1 ---
Name of initialized Object : diametro:1
 08
------- ROM-ADDRESS: 0xE4D1 ---- SIZE       1 ---
Filling bytes inserted
 00
------- ROM-ADDRESS: 0xE4D2 ---- RAM-ADDRESS: 0x103 ---- SIZE       1 ---
Name of initialized Object : factor_conversion:1
 0D
------- ROM-ADDRESS: 0xE4D3 ---- SIZE       2 ---
Filling bytes inserted
 0000

*********************************************************************************************
OBJECT-DEPENDENCIES SECTION
---------------------------------------------------------------------------------------------
Init                      USES _startupData loadByte 
_Startup                  USES __SEG_END_SSTACK Init main 
GPIO_ConfigPortDirection  USES u8PTBDD _PTBDD u8PTADD _PTADD 
GPIO_ReadPort             USES _PTAD u8PTAD _PTBD u8PTBD 
GPIO_WriteBitToPin        USES _PTAD u8PTAD _PTBD u8PTBD _ILSR 
GPIO_ConfigPortOutputsByMask USES u8PTBDD _PTBDD u8PTADD _PTADD 
LcdManager_Init           USES GPIO_ConfigPortOutputsByMask 
                                LcdManager_20msDelay LcdManager_WriteDataPort 
                                LcdManager_200usEnablePulse LcdManager_Send LcdManager_ClearCmd 
                                sgu8currentState 
LcdManager_UpdateTask     USES sgu8currentState _Jump_Table_Header_Offset 
                                sgu8LcdBusyFlag LcdManager_SetRequestedPosition sgpu8String1 
                                LcdManager_Send sgu8counter1 
LcdManager_WriteString    USES sgu8LcdBusyFlag sgu8offset1 sgpu8String1 
                                sgu8counter1 sgu8offset2 sgpu8String2 sgu8counter2 
LcdManager_IsBusy         USES sgu8LcdBusyFlag 
LcdManager_SetRequestedPosition USES sgu8offset1 sgu8offset2 LcdManager_Send 
LcdManager_ClearCmd       USES GPIO_WriteBitToPin LcdManager_WriteDataPort 
                                LcdManager_200usEnablePulse LcdManager_PulseForClearCmd 
LcdManager_Send           USES GPIO_WriteBitToPin LcdManager_WriteDataPort 
                                LcdManager_200usEnablePulse 
LcdManager_PulseForClearCmd USES GPIO_WriteBitToPin LcdManager_100usDelay 
                                LcdManager_5msDelay 
LcdManager_200usEnablePulse USES GPIO_WriteBitToPin LcdManager_100usDelay 
LcdManager_WriteDataPort  USES GPIO_WriteBitToPin 
LcdManager_5msDelay       USES _SRS 
LcdManager_100usDelay     USES _SRS 
LcdManager_20msDelay      USES _SRS 
main                      USES LcdManager_Init GPIO_ConfigPortDirection 
                                LcdManager_UpdateTask GPIO_ReadPort factor_conversion _IMUL_STAR08 
                                count_to_send LcdManager_IsBusy main diametro u16count_of_ms 
                                _IDIVU_STAR08 sgpu8_3bitLcdMsg _IMODU_STAR08 u16RpmSpeed 
                                _IDIVU_8 LcdManager_WriteString _SRS 
_IDIVU_STAR08             USES _IDIVMOD 
_IMODU_STAR08             USES _IDIVMOD 
_IDIVU_8                  USES _IDIVU_STAR08 

*********************************************************************************************
DEPENDENCY TREE
*********************************************************************************************
 main and _Startup Group
 | 
 +- main                
 |  | 
 |  +- LcdManager_Init     
 |  |  | 
 |  |  +- GPIO_ConfigPortOutputsByMask
 |  |  |    
 |  |  +- LcdManager_20msDelay
 |  |  |    
 |  |  +- LcdManager_WriteDataPort
 |  |  |  | 
 |  |  |  +- GPIO_WriteBitToPin  
 |  |  |     | 
 |  |  |     +- _ILSR               
 |  |  |          
 |  |  +- LcdManager_200usEnablePulse
 |  |  |  | 
 |  |  |  +- GPIO_WriteBitToPin   (see above)
 |  |  |  |  
 |  |  |  +- LcdManager_100usDelay
 |  |  |       
 |  |  +- LcdManager_Send     
 |  |  |  | 
 |  |  |  +- GPIO_WriteBitToPin   (see above)
 |  |  |  |  
 |  |  |  +- LcdManager_WriteDataPort (see above)
 |  |  |  |  
 |  |  |  +- LcdManager_200usEnablePulse (see above)
 |  |  |     
 |  |  +- LcdManager_ClearCmd 
 |  |     | 
 |  |     +- GPIO_WriteBitToPin   (see above)
 |  |     |  
 |  |     +- LcdManager_WriteDataPort (see above)
 |  |     |  
 |  |     +- LcdManager_200usEnablePulse (see above)
 |  |     |  
 |  |     +- LcdManager_PulseForClearCmd
 |  |        | 
 |  |        +- GPIO_WriteBitToPin   (see above)
 |  |        |  
 |  |        +- LcdManager_100usDelay (see above)
 |  |        |  
 |  |        +- LcdManager_5msDelay 
 |  |             
 |  +- GPIO_ConfigPortDirection
 |  |    
 |  +- LcdManager_UpdateTask
 |  |  | 
 |  |  +- _Jump_Table_Header_Offset
 |  |  |    
 |  |  +- LcdManager_SetRequestedPosition
 |  |  |  | 
 |  |  |  +- LcdManager_Send      (see above)
 |  |  |     
 |  |  +- LcdManager_Send      (see above)
 |  |     
 |  +- GPIO_ReadPort       
 |  |    
 |  +- _IMUL_STAR08        
 |  |    
 |  +- LcdManager_IsBusy   
 |  |    
 |  +- _IDIVU_STAR08       
 |  |  | 
 |  |  +- _IDIVMOD            
 |  |       
 |  +- _IMODU_STAR08       
 |  |  | 
 |  |  +- _IDIVMOD             (see above)
 |  |     
 |  +- _IDIVU_8            
 |  |  | 
 |  |  +- _IDIVU_STAR08        (see above)
 |  |     
 |  +- LcdManager_WriteString
 |       
 +- _Startup            
    | 
    +- Init                
    |  | 
    |  +- loadByte            
    |       
    +- main                 (see above)
       
*********************************************************************************************
STATISTIC SECTION
---------------------------------------------------------------------------------------------

ExeFile:
--------
Number of blocks to be downloaded: 4
Total size of all blocks to be downloaded: 1239

