*** EVALUATION ***
PROGRAM "IntegraLista.abs"

*********************************************************************************************
TARGET SECTION
---------------------------------------------------------------------------------------------
Processor   : Freescale HC08
Memory Model: SMALL
File Format : ELF\DWARF 2.0
Linker      : SmartLinker V-5.0.50 Build 13184, Jul  4 2013

*********************************************************************************************
FILE SECTION
---------------------------------------------------------------------------------------------
main_asm.obj                            Model: SMALL,         Lang: Assembler

*********************************************************************************************
STARTUP SECTION
---------------------------------------------------------------------------------------------
Entry point: 0xE000 (_Startup)

*********************************************************************************************
SECTION-ALLOCATION SECTION
Section Name                    Size  Type     From       To       Segment
---------------------------------------------------------------------------------------------
.init                             49     R     0xE000     0xE030   ROM
.stack                            64   R/W      0x100      0x13F   RAM
.vectSeg0_vect                     2     R     0xFFFE     0xFFFF   .vectSeg0

Summary of section sizes per section type:
READ_ONLY (R):          33 (dec:       51)
READ_WRITE (R/W):       40 (dec:       64)

*********************************************************************************************
VECTOR-ALLOCATION SECTION
    Address     InitValue   InitFunction
---------------------------------------------------------------------------------------------
     0xFFFE        0xE000   _Startup

*********************************************************************************************
OBJECT-ALLOCATION SECTION
     Name               Module                 Addr   hSize   dSize     Ref    Section   RLIB
---------------------------------------------------------------------------------------------
MODULE:                 -- main_asm.obj --
- PROCEDURES:
     _Startup                                  E000       B      11       0   .init       
     main                                      E000       0       0       0   .init       
     ciclo_compara                             E00B      11      17       0   .init       
     coloca_1                                  E01C       8       8       0   .init       
     coloca_2                                  E024       8       8       0   .init       
     final                                     E02C       3       3       0   .init       
     fin                                       E02F       2       2       0   .init       
- VARIABLES:
- LABELS:
     __SEG_END_SSTACK                           140       0       0       1               

*********************************************************************************************
MODULE STATISTIC
  Name                                      Data   Code  Const
---------------------------------------------------------------------------------------------
  main_asm.obj                                 0     49      0
  other                                       64      2      0

*********************************************************************************************
SECTION USE IN OBJECT-ALLOCATION SECTION
---------------------------------------------------------------------------------------------
SECTION: ".init"
  main _Startup ciclo_compara coloca_1 coloca_2 final fin 

*********************************************************************************************
OBJECT LIST SORTED BY ADDRESS
     Name                                      Addr   hSize   dSize     Ref    Section   RLIB
---------------------------------------------------------------------------------------------
     main                                      E000       0       0       0   .init       
     _Startup                                  E000       B      11       0   .init       
     ciclo_compara                             E00B      11      17       0   .init       
     coloca_1                                  E01C       8       8       0   .init       
     coloca_2                                  E024       8       8       0   .init       
     final                                     E02C       3       3       0   .init       
     fin                                       E02F       2       2       0   .init       

*********************************************************************************************
UNUSED-OBJECTS SECTION
---------------------------------------------------------------------------------------------

*********************************************************************************************
COPYDOWN SECTION
---------------------------------------------------------------------------------------------

*********************************************************************************************
OBJECT-DEPENDENCIES SECTION
---------------------------------------------------------------------------------------------
_Startup                  USES __SEG_END_SSTACK 

*********************************************************************************************
DEPENDENCY TREE
*********************************************************************************************
 main and _Startup Group
 | 
 +- main                
 |    
 +- _Startup            
      
*********************************************************************************************
STATISTIC SECTION
---------------------------------------------------------------------------------------------

ExeFile:
--------
Number of blocks to be downloaded: 2
Total size of all blocks to be downloaded: 51

