*** EVALUATION ***
PROGRAM "lcd4bitsenC.abs"

*********************************************************************************************
TARGET SECTION
---------------------------------------------------------------------------------------------
Processor   : Freescale HC08
Memory Model: SMALL
File Format : ELF\DWARF 2.0
Linker      : SmartLinker V-5.0.49 Build 12319, Nov 15 2012

*********************************************************************************************
FILE SECTION
---------------------------------------------------------------------------------------------
main_asm.obj                            Model: SMALL,         Lang: Assembler

*********************************************************************************************
STARTUP SECTION
---------------------------------------------------------------------------------------------
Entry point: 0xE000 (_Startup)

*********************************************************************************************
SECTION-ALLOCATION SECTION
Section Name                    Size  Type     From       To       Segment
---------------------------------------------------------------------------------------------
.init                            224     R     0xE000     0xE0DF   ROM
.stack                            64   R/W      0x100      0x13F   RAM
.vectSeg0_vect                     2     R     0xFFFE     0xFFFF   .vectSeg0

Summary of section sizes per section type:
READ_ONLY (R):          E2 (dec:      226)
READ_WRITE (R/W):       40 (dec:       64)

*********************************************************************************************
VECTOR-ALLOCATION SECTION
    Address     InitValue   InitFunction
---------------------------------------------------------------------------------------------
     0xFFFE        0xE000   _Startup

*********************************************************************************************
OBJECT-ALLOCATION SECTION
     Name               Module                 Addr   hSize   dSize     Ref    Section   RLIB
---------------------------------------------------------------------------------------------
MODULE:                 -- main_asm.obj --
- PROCEDURES:
     _Startup                                  E000      77     119       0   .init       
     main                                      E000       0       0       0   .init       
     aqui                                      E077       5       5       0   .init       
     send_data                                 E07C      24      36       4   .init       
     send_cmd                                  E0A0      20      32       4   .init       
     delay_10ms                                E0C0       2       2       2   .init       
     loop1_10ms                                E0C2       2       2       0   .init       
     loop2_10ms                                E0C4       8       8       0   .init       
     delay_5ms                                 E0CC       2       2       7   .init       
     loop1_5ms                                 E0CE       2       2       0   .init       
     loop2_5ms                                 E0D0       8       8       0   .init       
     delay_100us                               E0D8       2       2      11   .init       
     loop_100us                                E0DA       6       6       0   .init       
- VARIABLES:
- LABELS:
     __SEG_END_SSTACK                           140       0       0       1               

*********************************************************************************************
MODULE STATISTIC
  Name                                      Data   Code  Const
---------------------------------------------------------------------------------------------
  main_asm.obj                                 0    224      0
  other                                       64      2      0

*********************************************************************************************
SECTION USE IN OBJECT-ALLOCATION SECTION
---------------------------------------------------------------------------------------------
SECTION: ".init"
  main _Startup aqui send_data send_cmd delay_10ms loop1_10ms loop2_10ms 
  delay_5ms loop1_5ms loop2_5ms delay_100us loop_100us 

*********************************************************************************************
OBJECT LIST SORTED BY ADDRESS
     Name                                      Addr   hSize   dSize     Ref    Section   RLIB
---------------------------------------------------------------------------------------------
     main                                      E000       0       0       0   .init       
     _Startup                                  E000      77     119       0   .init       
     aqui                                      E077       5       5       0   .init       
     send_data                                 E07C      24      36       4   .init       
     send_cmd                                  E0A0      20      32       4   .init       
     delay_10ms                                E0C0       2       2       2   .init       
     loop1_10ms                                E0C2       2       2       0   .init       
     loop2_10ms                                E0C4       8       8       0   .init       
     delay_5ms                                 E0CC       2       2       7   .init       
     loop1_5ms                                 E0CE       2       2       0   .init       
     loop2_5ms                                 E0D0       8       8       0   .init       
     delay_100us                               E0D8       2       2      11   .init       
     loop_100us                                E0DA       6       6       0   .init       

*********************************************************************************************
UNUSED-OBJECTS SECTION
---------------------------------------------------------------------------------------------

*********************************************************************************************
COPYDOWN SECTION
---------------------------------------------------------------------------------------------

*********************************************************************************************
OBJECT-DEPENDENCIES SECTION
---------------------------------------------------------------------------------------------
_Startup                  USES __SEG_END_SSTACK delay_10ms delay_100us 
                                delay_5ms send_cmd send_data 
send_data                 USES delay_100us 
send_cmd                  USES delay_100us delay_5ms 

*********************************************************************************************
DEPENDENCY TREE
*********************************************************************************************
 main and _Startup Group
 | 
 +- main                
 |    
 +- _Startup            
    | 
    +- delay_10ms          
    |    
    +- delay_100us         
    |    
    +- delay_5ms           
    |    
    +- send_cmd            
    |  | 
    |  +- delay_100us          (see above)
    |  |  
    |  +- delay_5ms            (see above)
    |     
    +- send_data           
       | 
       +- delay_100us          (see above)
          
*********************************************************************************************
STATISTIC SECTION
---------------------------------------------------------------------------------------------

ExeFile:
--------
Number of blocks to be downloaded: 2
Total size of all blocks to be downloaded: 226

