*** EVALUATION ***
PROGRAM "ExamenSegundoParcial.abs"

*********************************************************************************************
TARGET SECTION
---------------------------------------------------------------------------------------------
Processor   : Freescale HC08
Memory Model: SMALL
File Format : ELF\DWARF 2.0
Linker      : SmartLinker V-5.0.49 Build 12319, Nov 15 2012

*********************************************************************************************
FILE SECTION
---------------------------------------------------------------------------------------------
ADC_c.obj                               Model: SMALL,         Lang: ANSI-C
DelayManager_c.obj                      Model: SMALL,         Lang: ANSI-C
EncoderManager_c.obj                    Model: SMALL,         Lang: ANSI-C
GPIO_c.obj                              Model: SMALL,         Lang: ANSI-C
LcdManager_c.obj                        Model: SMALL,         Lang: ANSI-C
MTIM_c.obj                              Model: SMALL,         Lang: ANSI-C
SpeedManager_c.obj                      Model: SMALL,         Lang: ANSI-C
StepperMotor_c.obj                      Model: SMALL,         Lang: ANSI-C
TPM_c.obj                               Model: SMALL,         Lang: ANSI-C
main_c.obj                              Model: SMALL,         Lang: ANSI-C
start08_c.obj                           Model: SMALL,         Lang: ANSI-C
mc9s08qg8_c.obj                         Model: SMALL,         Lang: ANSI-C
rtshc08.o (ansiis.lib)                  Model: SMALL,         Lang: ANSI-C

*********************************************************************************************
STARTUP SECTION
---------------------------------------------------------------------------------------------
Entry point: 0xE07B (_Startup)
_startupData is allocated at 0xE084 and uses 6 Bytes
extern struct _tagStartup {
  unsigned nofZeroOut     1
  _Range   pZeroOut       0x100     56
  _Copy    *toCopyDownBeg 0xE88C
} _startupData;

*********************************************************************************************
SECTION-ALLOCATION SECTION
Section Name                    Size  Type     From       To       Segment
---------------------------------------------------------------------------------------------
.data                             27   R/W      0x100      0x11A   RAM
.init                            132     R     0xE000     0xE083   ROM
.startData                        14     R     0xE084     0xE091   ROM
.text                           2042     R     0xE092     0xE88B   ROM
.copy                             32     R     0xE88C     0xE8AB   ROM
.abs_section_ffe6                  2     R     0xFFE6     0xFFE7   .absSeg0
.abs_section_fff0                  2     R     0xFFF0     0xFFF1   .absSeg1
.abs_section_fff4                  2     R     0xFFF4     0xFFF5   .absSeg2
.abs_section_fff2                  2     R     0xFFF2     0xFFF3   .absSeg3
.abs_section_0                     1   N/I        0x0        0x0   .absSeg4
.abs_section_1                     1   N/I        0x1        0x1   .absSeg5
.abs_section_2                     1   N/I        0x2        0x2   .absSeg6
.abs_section_3                     1   N/I        0x3        0x3   .absSeg7
.abs_section_c                     1   N/I        0xC        0xC   .absSeg8
.abs_section_d                     1   N/I        0xD        0xD   .absSeg9
.abs_section_e                     1   N/I        0xE        0xE   .absSeg10
.abs_section_f                     1   N/I        0xF        0xF   .absSeg11
.abs_section_10                    1   N/I       0x10       0x10   .absSeg12
.abs_section_11                    1   N/I       0x11       0x11   .absSeg13
.abs_section_16                    1   N/I       0x16       0x16   .absSeg14
.abs_section_17                    1   N/I       0x17       0x17   .absSeg15
.abs_section_1a                    1   N/I       0x1A       0x1A   .absSeg16
.abs_section_22                    1   N/I       0x22       0x22   .absSeg17
.abs_section_23                    1   N/I       0x23       0x23   .absSeg18
.abs_section_24                    1   N/I       0x24       0x24   .absSeg19
.abs_section_25                    1   N/I       0x25       0x25   .absSeg20
.abs_section_26                    1   N/I       0x26       0x26   .absSeg21
.abs_section_27                    1   N/I       0x27       0x27   .absSeg22
.abs_section_28                    1   N/I       0x28       0x28   .absSeg23
.abs_section_29                    1   N/I       0x29       0x29   .absSeg24
.abs_section_2a                    1   N/I       0x2A       0x2A   .absSeg25
.abs_section_2b                    1   N/I       0x2B       0x2B   .absSeg26
.abs_section_2d                    1   N/I       0x2D       0x2D   .absSeg27
.abs_section_30                    1   N/I       0x30       0x30   .absSeg28
.abs_section_31                    1   N/I       0x31       0x31   .absSeg29
.abs_section_32                    1   N/I       0x32       0x32   .absSeg30
.abs_section_33                    1   N/I       0x33       0x33   .absSeg31
.abs_section_34                    1   N/I       0x34       0x34   .absSeg32
.abs_section_38                    1   N/I       0x38       0x38   .absSeg33
.abs_section_39                    1   N/I       0x39       0x39   .absSeg34
.abs_section_3a                    1   N/I       0x3A       0x3A   .absSeg35
.abs_section_3b                    1   N/I       0x3B       0x3B   .absSeg36
.abs_section_3c                    1   N/I       0x3C       0x3C   .absSeg37
.abs_section_3d                    1   N/I       0x3D       0x3D   .absSeg38
.abs_section_3e                    1   N/I       0x3E       0x3E   .absSeg39
.abs_section_3f                    1   N/I       0x3F       0x3F   .absSeg40
.abs_section_40                    1   N/I       0x40       0x40   .absSeg41
.abs_section_45                    1   N/I       0x45       0x45   .absSeg42
.abs_section_48                    1   N/I       0x48       0x48   .absSeg43
.abs_section_1800                  1   N/I     0x1800     0x1800   .absSeg44
.abs_section_1801                  1   N/I     0x1801     0x1801   .absSeg45
.abs_section_1802                  1   N/I     0x1802     0x1802   .absSeg46
.abs_section_1803                  1   N/I     0x1803     0x1803   .absSeg47
.abs_section_1808                  1   N/I     0x1808     0x1808   .absSeg48
.abs_section_1809                  1   N/I     0x1809     0x1809   .absSeg49
.abs_section_180a                  1   N/I     0x180A     0x180A   .absSeg50
.abs_section_180c                  1   N/I     0x180C     0x180C   .absSeg51
.abs_section_1816                  1   N/I     0x1816     0x1816   .absSeg52
.abs_section_1817                  1   N/I     0x1817     0x1817   .absSeg53
.abs_section_1818                  1   N/I     0x1818     0x1818   .absSeg54
.abs_section_1820                  1   N/I     0x1820     0x1820   .absSeg55
.abs_section_1821                  1   N/I     0x1821     0x1821   .absSeg56
.abs_section_1823                  1   N/I     0x1823     0x1823   .absSeg57
.abs_section_1824                  1   N/I     0x1824     0x1824   .absSeg58
.abs_section_1825                  1   N/I     0x1825     0x1825   .absSeg59
.abs_section_1826                  1   N/I     0x1826     0x1826   .absSeg60
.abs_section_1840                  1   N/I     0x1840     0x1840   .absSeg61
.abs_section_1841                  1   N/I     0x1841     0x1841   .absSeg62
.abs_section_1842                  1   N/I     0x1842     0x1842   .absSeg63
.abs_section_1844                  1   N/I     0x1844     0x1844   .absSeg64
.abs_section_1845                  1   N/I     0x1845     0x1845   .absSeg65
.abs_section_1846                  1   N/I     0x1846     0x1846   .absSeg66
.abs_section_12                    2   N/I       0x12       0x13   .absSeg67
.abs_section_14                    2   N/I       0x14       0x15   .absSeg68
.abs_section_20                    2   N/I       0x20       0x21   .absSeg69
.abs_section_41                    2   N/I       0x41       0x42   .absSeg70
.abs_section_43                    2   N/I       0x43       0x44   .absSeg71
.abs_section_46                    2   N/I       0x46       0x47   .absSeg72
.abs_section_49                    2   N/I       0x49       0x4A   .absSeg73
.abs_section_1806                  2   N/I     0x1806     0x1807   .absSeg74
.abs_section_1810                  2   N/I     0x1810     0x1811   .absSeg75
.abs_section_1812                  2   N/I     0x1812     0x1813   .absSeg76
.abs_section_1814                  2   N/I     0x1814     0x1815   .absSeg77
.bss                              29   R/W      0x11B      0x137   RAM
.stack                            64   R/W      0x138      0x177   RAM
.vectSeg78_vect                    2     R     0xFFFE     0xFFFF   .vectSeg78

Summary of section sizes per section type:
READ_ONLY (R):         8B6 (dec:     2230)
READ_WRITE (R/W):       78 (dec:      120)
NO_INIT (N/I):          55 (dec:       85)

*********************************************************************************************
VECTOR-ALLOCATION SECTION
    Address     InitValue   InitFunction
---------------------------------------------------------------------------------------------
     0xFFFE        0xE07B   _Startup

*********************************************************************************************
OBJECT-ALLOCATION SECTION
     Name               Module                 Addr   hSize   dSize     Ref    Section   RLIB
---------------------------------------------------------------------------------------------
MODULE:                 -- ADC_c.obj --
- PROCEDURES:
     ADC_Init                                  E092       C      12       1   .text       
     ADC_Read_8                                E09E       A      10       1   .text       
     ADC_StartConversion                       E0A8       6       6       1   .text       
     ADC_selectChannel                         E0AE       8       8       1   .text       
- VARIABLES:
     sgu8currentChannel                         11B       1       1       3   .bss        
MODULE:                 -- DelayManager_c.obj --
- PROCEDURES:
     DelayManager_Init                         E0B6      11      17       1   .text       
     DelayManager_SetDelayBySpeed              E0C7       A      10       2   .text       
     DelayManager_Delay                        E0D1       3       3       2   .text       
     DelayManager_IsBusy                       E0D4       3       3       1   .text       
- VARIABLES:
MODULE:                 -- EncoderManager_c.obj --
- PROCEDURES:
     EncoderManager_Init                       E0D7      1A      26       1   .text       
     EncoderManager_GetData                    E0F1      67     103       1   .text       
- VARIABLES:
MODULE:                 -- GPIO_c.obj --
- PROCEDURES:
     GPIO_ConfigPinDirection                   E158      6A     106       2   .text       
     GPIO_ReadPin                              E1C2      22      34       1   .text       
     GPIO_WriteBitToPin                        E1E4      74     116      15   .text       
     GPIO_ConfigPortOutputsByMask              E258      1E      30       3   .text       
- VARIABLES:
     u8PTADD                                    11C       1       1       6   .bss        
     u8PTBDD                                    11D       1       1       6   .bss        
     u8PTAD                                     11E       1       1       7   .bss        
     u8PTBD                                     11F       1       1       6   .bss        
MODULE:                 -- LcdManager_c.obj --
- PROCEDURES:
     LcdManager_Init                           E276      45      69       1   .text       
     LcdManager_UpdateTask                     E2BB      71     113       1   .text       
     LcdManager_WriteString                    E32C      32      50       2   .text       
     LcdManager_IsBusy                         E35E       4       4       1   .text       
     LcdManager_SetRequestedPosition           E362      28      40       1   .text       
     LcdManager_ClearCmd                       E38A      17      23       1   .text       
     LcdManager_Send                           E3A1      31      49       6   .text       
     LcdManager_PulseForClearCmd               E3D2      17      23       1   .text       
     LcdManager_200usEnablePulse               E3E9      17      23       5   .text       
     LcdManager_WriteDataPort                  E400      3F      63       6   .text       
     LcdManager_5msDelay                       E43F       C      12       1   .text       
     LcdManager_100usDelay                     E44B       8       8       3   .text       
     LcdManager_20msDelay                      E453       C      12       1   .text       
- VARIABLES:
     sgu8currentState                           120       1       1       5   .bss        
     sgu8LcdBusyFlag                            121       1       1       4   .bss        
     sgu8offset1                                122       1       1       2   .bss        
     sgpu8String1                               123       2       2       3   .bss        
     sgu8counter1                               125       1       1       3   .bss        
     sgu8offset2                                126       1       1       2   .bss        
     sgpu8String2                               127       2       2       3   .bss        
     sgu8counter2                               129       1       1       3   .bss        
MODULE:                 -- MTIM_c.obj --
- PROCEDURES:
     MTIM_Init                                 E45F       F      15       1   .text       
     MTIM_Start                                E46E       8       8       1   .text       
     MTIM_IsRunning                            E476       8       8       1   .text       
     MTIM_SelectClkSource                      E47E      1B      27       1   .text       
     MTIM_SelectPrescaler                      E499      1A      26       1   .text       
     MTIM_SetTimerModulo                       E4B3       6       6       1   .text       
     MTIM_SetExtraFlags                        E4B9       7       7       1   .text       
     MTIM_ISR                                  E4C0      1B      27       1   .text       
- VARIABLES:
     sgu8flagCounter                            12A       1       1       4   .bss        
     sgu8extraFlagsPDelay                       12B       1       1       3   .bss        
     sgu8currentModulo                          12C       1       1       2   .bss        
     _Vector_12                                FFE6       2       2       0   .abs_section_ffe6
MODULE:                 -- SpeedManager_c.obj --
- PROCEDURES:
     SpeedManager_Init                         E4DB       8       8       1   .text       
     SpeedManager_ReadSpeedLevel               E4E3      16      22       1   .text       
- VARIABLES:
MODULE:                 -- StepperMotor_c.obj --
- PROCEDURES:
     StepperMotor_Init                         E4F9      12      18       1   .text       
     StepperMotor_NextStep                     E50B      28      40       1   .text       
     StepperMotor_RefreshDirection             E533       A      10       1   .text       
     StepperMotor_WriteCurrentStep             E53D      48      72       2   .text       
- VARIABLES:
     sgpu8stepValues                            100       8       8       1   .data       
     sgu8left                                   108       1       1       2   .data       
     sgu8index                                  12D       1       1       6   .bss        
MODULE:                 -- TPM_c.obj --
- PROCEDURES:
     TPM_Init                                  E585      12      18       1   .text       
     TPM_Start                                 E597       E      14       1   .text       
     TPM_Stop                                  E5A5       E      14       1   .text       
     TPM_Reset                                 E5B3       5       5       2   .text       
     TPM_SetPrescaler                          E5B8       7       7       1   .text       
     TPM_EnableInputCaptureCH0                 E5BF       4       4       1   .text       
     TPM_EnableInputCaptureCH1                 E5C3       4       4       1   .text       
     TPM_getCH0Val                             E5C7       4       4       2   .text       
     TPM_getCH1Val                             E5CB       4       4       1   .text       
     TPM_ResetStepCounter                      E5CF       8       8       1   .text       
     TPM_GetStep                               E5D7       4       4       1   .text       
     TPM_SetDir                                E5DB       4       4       1   .text       
     TPM_Overflow_ISR                          E5DF      1C      28       1   .text       
     TPMCH0_ISR                                E5FB      31      49       1   .text       
     TPMCH1_ISR                                E62C       C      12       1   .text       
- VARIABLES:
     sgu8flagCounter                            12E       1       1       4   .bss        
     sgu8extraFlagsPDelay                       12F       1       1       2   .bss        
     sgu8running                                130       1       1       5   .bss        
     sgu8stopOnOverflow                         131       1       1       1   .bss        
     sgu16channel0Val                           132       2       2       2   .bss        
     sgu16channel1Val                           134       2       2       2   .bss        
     sgs8stepCount                              136       1       1       7   .bss        
     sgu8dir                                    137       1       1       3   .bss        
     _Vector_7                                 FFF0       2       2       0   .abs_section_fff0
     _Vector_5                                 FFF4       2       2       0   .abs_section_fff4
     _Vector_6                                 FFF2       2       2       0   .abs_section_fff2
MODULE:                 -- main_c.obj --
- PROCEDURES:
     main                                      E638      8D     141       1   .text       
     Send_Msg                                  E6C5      CA     202       1   .text       
- VARIABLES:
     gpu8Line1                                  109       E      14       8   .data       
     gpu8Line2                                  117       4       4       6   .data       
MODULE:                 -- start08_c.obj --
- PROCEDURES:
     loadByte                                  E000       E      14       5   .init       
     Init                                      E00E      6D     109       1   .init       
     _Startup                                  E07B       9       9       0   .init       
- VARIABLES:
     _startupData                              E084       6       6       4   .startData  
- LABELS:
     __SEG_END_SSTACK                           178       0       0       1               
MODULE:                 -- mc9s08qg8_c.obj --
- PROCEDURES:
- VARIABLES:
     _PTAD                                        0       1       1       4   .abs_section_0
     _PTADD                                       1       1       1       3   .abs_section_1
     _PTBD                                        2       1       1       4   .abs_section_2
     _PTBDD                                       3       1       1       3   .abs_section_3
     _KBISC                                       C       1       1       0   .abs_section_c
     _KBIPE                                       D       1       1       0   .abs_section_d
     _KBIES                                       E       1       1       0   .abs_section_e
     _IRQSC                                       F       1       1       0   .abs_section_f
     _ADCSC1                                     10       1       1       3   .abs_section_10
     _ADCSC2                                     11       1       1       1   .abs_section_11
     _ADCCFG                                     16       1       1       1   .abs_section_16
     _APCTL1                                     17       1       1       1   .abs_section_17
     _ACMPSC                                     1A       1       1       0   .abs_section_1a
     _SCIC1                                      22       1       1       0   .abs_section_22
     _SCIC2                                      23       1       1       0   .abs_section_23
     _SCIS1                                      24       1       1       0   .abs_section_24
     _SCIS2                                      25       1       1       0   .abs_section_25
     _SCIC3                                      26       1       1       0   .abs_section_26
     _SCID                                       27       1       1       0   .abs_section_27
     _SPIC1                                      28       1       1       0   .abs_section_28
     _SPIC2                                      29       1       1       0   .abs_section_29
     _SPIBR                                      2A       1       1       0   .abs_section_2a
     _SPIS                                       2B       1       1       0   .abs_section_2b
     _SPID                                       2D       1       1       0   .abs_section_2d
     _IICA                                       30       1       1       0   .abs_section_30
     _IICF                                       31       1       1       0   .abs_section_31
     _IICC                                       32       1       1       0   .abs_section_32
     _IICS                                       33       1       1       0   .abs_section_33
     _IICD                                       34       1       1       0   .abs_section_34
     _ICSC1                                      38       1       1       0   .abs_section_38
     _ICSC2                                      39       1       1       0   .abs_section_39
     _ICSTRM                                     3A       1       1       0   .abs_section_3a
     _ICSSC                                      3B       1       1       0   .abs_section_3b
     _MTIMSC                                     3C       1       1       7   .abs_section_3c
     _MTIMCLK                                    3D       1       1       9   .abs_section_3d
     _MTIMCNT                                    3E       1       1       0   .abs_section_3e
     _MTIMMOD                                    3F       1       1       3   .abs_section_3f
     _TPMSC                                      40       1       1       6   .abs_section_40
     _TPMC0SC                                    45       1       1       3   .abs_section_45
     _TPMC1SC                                    48       1       1       3   .abs_section_48
     _SRS                                      1800       1       1       4   .abs_section_1800
     _SBDFR                                    1801       1       1       0   .abs_section_1801
     _SOPT1                                    1802       1       1       0   .abs_section_1802
     _SOPT2                                    1803       1       1       0   .abs_section_1803
     _SRTISC                                   1808       1       1       0   .abs_section_1808
     _SPMSC1                                   1809       1       1       0   .abs_section_1809
     _SPMSC2                                   180A       1       1       0   .abs_section_180a
     _SPMSC3                                   180C       1       1       0   .abs_section_180c
     _DBGC                                     1816       1       1       0   .abs_section_1816
     _DBGT                                     1817       1       1       0   .abs_section_1817
     _DBGS                                     1818       1       1       0   .abs_section_1818
     _FCDIV                                    1820       1       1       0   .abs_section_1820
     _FOPT                                     1821       1       1       0   .abs_section_1821
     _FCNFG                                    1823       1       1       0   .abs_section_1823
     _FPROT                                    1824       1       1       0   .abs_section_1824
     _FSTAT                                    1825       1       1       0   .abs_section_1825
     _FCMD                                     1826       1       1       0   .abs_section_1826
     _PTAPE                                    1840       1       1       0   .abs_section_1840
     _PTASE                                    1841       1       1       0   .abs_section_1841
     _PTADS                                    1842       1       1       0   .abs_section_1842
     _PTBPE                                    1844       1       1       0   .abs_section_1844
     _PTBSE                                    1845       1       1       0   .abs_section_1845
     _PTBDS                                    1846       1       1       0   .abs_section_1846
     _ADCR                                       12       2       2       1   .abs_section_12
     _ADCCV                                      14       2       2       0   .abs_section_14
     _SCIBD                                      20       2       2       0   .abs_section_20
     _TPMCNT                                     41       2       2       1   .abs_section_41
     _TPMMOD                                     43       2       2       2   .abs_section_43
     _TPMC0V                                     46       2       2       1   .abs_section_46
     _TPMC1V                                     49       2       2       1   .abs_section_49
     _SDID                                     1806       2       2       0   .abs_section_1806
     _DBGCA                                    1810       2       2       0   .abs_section_1810
     _DBGCB                                    1812       2       2       0   .abs_section_1812
     _DBGF                                     1814       2       2       0   .abs_section_1814
MODULE:                 -- rtshc08.o (ansiis.lib) --
- PROCEDURES:
     _IDIVMOD                                  E78F      69     105       2   .text       
     _IMUL_STAR08                              E7F8      27      39       1   .text       
     _IDIVU_STAR08                             E81F       D      13       3   .text       
     _IMODU_STAR08                             E82C      10      16       2   .text       
     _IDIVU_8                                  E83C       E      14       2   .text       
     _IMODU_8                                  E84A      12      18       2   .text       
     _ILSR                                     E85C       C      12       2   .text       
     _Jump_Table_Header_Offset                 E868      24      36       1   .text       
- VARIABLES:

*********************************************************************************************
MODULE STATISTIC
  Name                                      Data   Code  Const
---------------------------------------------------------------------------------------------
  ADC_c.obj                                    1     36      0
  DelayManager_c.obj                           0     33      0
  EncoderManager_c.obj                         0    129      0
  GPIO_c.obj                                   4    286      0
  LcdManager_c.obj                            10    489      0
  MTIM_c.obj                                   3    124      2
  SpeedManager_c.obj                           0     30      0
  StepperMotor_c.obj                          10    140      0
  TPM_c.obj                                   10    179      6
  main_c.obj                                  18    343      0
  start08_c.obj                                0    132      0
  mc9s08qg8_c.obj                             85      0      0
  rtshc08.o (ansiis.lib)                       0    253      0
  other                                       64     16     32

*********************************************************************************************
SECTION USE IN OBJECT-ALLOCATION SECTION
---------------------------------------------------------------------------------------------
SECTION: ".text"
  ADC_Init ADC_Read_8 ADC_StartConversion ADC_selectChannel DelayManager_Init 
  DelayManager_SetDelayBySpeed DelayManager_Delay DelayManager_IsBusy 
  EncoderManager_Init EncoderManager_GetData GPIO_ConfigPinDirection 
  GPIO_ReadPin GPIO_WriteBitToPin GPIO_ConfigPortOutputsByMask LcdManager_Init 
  LcdManager_UpdateTask LcdManager_WriteString LcdManager_IsBusy 
  LcdManager_SetRequestedPosition LcdManager_ClearCmd LcdManager_Send 
  LcdManager_PulseForClearCmd LcdManager_200usEnablePulse 
  LcdManager_WriteDataPort LcdManager_5msDelay LcdManager_100usDelay 
  LcdManager_20msDelay MTIM_Init MTIM_Start MTIM_IsRunning MTIM_SelectClkSource 
  MTIM_SelectPrescaler MTIM_SetTimerModulo MTIM_SetExtraFlags MTIM_ISR 
  SpeedManager_Init SpeedManager_ReadSpeedLevel StepperMotor_Init 
  StepperMotor_NextStep StepperMotor_RefreshDirection 
  StepperMotor_WriteCurrentStep TPM_Init TPM_Start TPM_Stop TPM_Reset 
  TPM_SetPrescaler TPM_EnableInputCaptureCH0 TPM_EnableInputCaptureCH1 
  TPM_getCH0Val TPM_getCH1Val TPM_ResetStepCounter TPM_GetStep TPM_SetDir 
  TPM_Overflow_ISR TPMCH0_ISR TPMCH1_ISR main Send_Msg _IDIVMOD _IMUL_STAR08 
  _IDIVU_STAR08 _IMODU_STAR08 _IDIVU_8 _IMODU_8 _ILSR _Jump_Table_Header_Offset 
SECTION: ".data"
  sgpu8stepValues sgu8left gpu8Line1 gpu8Line2 
SECTION: ".bss"
  sgu8currentChannel u8PTADD u8PTBDD u8PTAD u8PTBD sgu8currentState 
  sgu8LcdBusyFlag sgu8offset1 sgpu8String1 sgu8counter1 sgu8offset2 
  sgpu8String2 sgu8counter2 sgu8flagCounter sgu8extraFlagsPDelay 
  sgu8currentModulo sgu8index sgu8flagCounter sgu8extraFlagsPDelay sgu8running 
  sgu8stopOnOverflow sgu16channel0Val sgu16channel1Val sgs8stepCount sgu8dir 
SECTION: ".init"
  loadByte Init _Startup 
SECTION: ".abs_section_ffe6"
  _Vector_12 
SECTION: ".abs_section_fff0"
  _Vector_7 
SECTION: ".abs_section_fff4"
  _Vector_5 
SECTION: ".abs_section_fff2"
  _Vector_6 
SECTION: ".abs_section_0"
  _PTAD 
SECTION: ".abs_section_1"
  _PTADD 
SECTION: ".abs_section_2"
  _PTBD 
SECTION: ".abs_section_3"
  _PTBDD 
SECTION: ".abs_section_c"
  _KBISC 
SECTION: ".abs_section_d"
  _KBIPE 
SECTION: ".abs_section_e"
  _KBIES 
SECTION: ".abs_section_f"
  _IRQSC 
SECTION: ".abs_section_10"
  _ADCSC1 
SECTION: ".abs_section_11"
  _ADCSC2 
SECTION: ".abs_section_16"
  _ADCCFG 
SECTION: ".abs_section_17"
  _APCTL1 
SECTION: ".abs_section_1a"
  _ACMPSC 
SECTION: ".abs_section_22"
  _SCIC1 
SECTION: ".abs_section_23"
  _SCIC2 
SECTION: ".abs_section_24"
  _SCIS1 
SECTION: ".abs_section_25"
  _SCIS2 
SECTION: ".abs_section_26"
  _SCIC3 
SECTION: ".abs_section_27"
  _SCID 
SECTION: ".abs_section_28"
  _SPIC1 
SECTION: ".abs_section_29"
  _SPIC2 
SECTION: ".abs_section_2a"
  _SPIBR 
SECTION: ".abs_section_2b"
  _SPIS 
SECTION: ".abs_section_2d"
  _SPID 
SECTION: ".abs_section_30"
  _IICA 
SECTION: ".abs_section_31"
  _IICF 
SECTION: ".abs_section_32"
  _IICC 
SECTION: ".abs_section_33"
  _IICS 
SECTION: ".abs_section_34"
  _IICD 
SECTION: ".abs_section_38"
  _ICSC1 
SECTION: ".abs_section_39"
  _ICSC2 
SECTION: ".abs_section_3a"
  _ICSTRM 
SECTION: ".abs_section_3b"
  _ICSSC 
SECTION: ".abs_section_3c"
  _MTIMSC 
SECTION: ".abs_section_3d"
  _MTIMCLK 
SECTION: ".abs_section_3e"
  _MTIMCNT 
SECTION: ".abs_section_3f"
  _MTIMMOD 
SECTION: ".abs_section_40"
  _TPMSC 
SECTION: ".abs_section_45"
  _TPMC0SC 
SECTION: ".abs_section_48"
  _TPMC1SC 
SECTION: ".abs_section_1800"
  _SRS 
SECTION: ".abs_section_1801"
  _SBDFR 
SECTION: ".abs_section_1802"
  _SOPT1 
SECTION: ".abs_section_1803"
  _SOPT2 
SECTION: ".abs_section_1808"
  _SRTISC 
SECTION: ".abs_section_1809"
  _SPMSC1 
SECTION: ".abs_section_180a"
  _SPMSC2 
SECTION: ".abs_section_180c"
  _SPMSC3 
SECTION: ".abs_section_1816"
  _DBGC 
SECTION: ".abs_section_1817"
  _DBGT 
SECTION: ".abs_section_1818"
  _DBGS 
SECTION: ".abs_section_1820"
  _FCDIV 
SECTION: ".abs_section_1821"
  _FOPT 
SECTION: ".abs_section_1823"
  _FCNFG 
SECTION: ".abs_section_1824"
  _FPROT 
SECTION: ".abs_section_1825"
  _FSTAT 
SECTION: ".abs_section_1826"
  _FCMD 
SECTION: ".abs_section_1840"
  _PTAPE 
SECTION: ".abs_section_1841"
  _PTASE 
SECTION: ".abs_section_1842"
  _PTADS 
SECTION: ".abs_section_1844"
  _PTBPE 
SECTION: ".abs_section_1845"
  _PTBSE 
SECTION: ".abs_section_1846"
  _PTBDS 
SECTION: ".abs_section_12"
  _ADCR 
SECTION: ".abs_section_14"
  _ADCCV 
SECTION: ".abs_section_20"
  _SCIBD 
SECTION: ".abs_section_41"
  _TPMCNT 
SECTION: ".abs_section_43"
  _TPMMOD 
SECTION: ".abs_section_46"
  _TPMC0V 
SECTION: ".abs_section_49"
  _TPMC1V 
SECTION: ".abs_section_1806"
  _SDID 
SECTION: ".abs_section_1810"
  _DBGCA 
SECTION: ".abs_section_1812"
  _DBGCB 
SECTION: ".abs_section_1814"
  _DBGF 

*********************************************************************************************
OBJECT LIST SORTED BY ADDRESS
     Name                                      Addr   hSize   dSize     Ref    Section   RLIB
---------------------------------------------------------------------------------------------
     _PTAD                                        0       1       1       4   .abs_section_0
     _PTADD                                       1       1       1       3   .abs_section_1
     _PTBD                                        2       1       1       4   .abs_section_2
     _PTBDD                                       3       1       1       3   .abs_section_3
     _KBISC                                       C       1       1       0   .abs_section_c
     _KBIPE                                       D       1       1       0   .abs_section_d
     _KBIES                                       E       1       1       0   .abs_section_e
     _IRQSC                                       F       1       1       0   .abs_section_f
     _ADCSC1                                     10       1       1       3   .abs_section_10
     _ADCSC2                                     11       1       1       1   .abs_section_11
     _ADCR                                       12       2       2       1   .abs_section_12
     _ADCCV                                      14       2       2       0   .abs_section_14
     _ADCCFG                                     16       1       1       1   .abs_section_16
     _APCTL1                                     17       1       1       1   .abs_section_17
     _ACMPSC                                     1A       1       1       0   .abs_section_1a
     _SCIBD                                      20       2       2       0   .abs_section_20
     _SCIC1                                      22       1       1       0   .abs_section_22
     _SCIC2                                      23       1       1       0   .abs_section_23
     _SCIS1                                      24       1       1       0   .abs_section_24
     _SCIS2                                      25       1       1       0   .abs_section_25
     _SCIC3                                      26       1       1       0   .abs_section_26
     _SCID                                       27       1       1       0   .abs_section_27
     _SPIC1                                      28       1       1       0   .abs_section_28
     _SPIC2                                      29       1       1       0   .abs_section_29
     _SPIBR                                      2A       1       1       0   .abs_section_2a
     _SPIS                                       2B       1       1       0   .abs_section_2b
     _SPID                                       2D       1       1       0   .abs_section_2d
     _IICA                                       30       1       1       0   .abs_section_30
     _IICF                                       31       1       1       0   .abs_section_31
     _IICC                                       32       1       1       0   .abs_section_32
     _IICS                                       33       1       1       0   .abs_section_33
     _IICD                                       34       1       1       0   .abs_section_34
     _ICSC1                                      38       1       1       0   .abs_section_38
     _ICSC2                                      39       1       1       0   .abs_section_39
     _ICSTRM                                     3A       1       1       0   .abs_section_3a
     _ICSSC                                      3B       1       1       0   .abs_section_3b
     _MTIMSC                                     3C       1       1       7   .abs_section_3c
     _MTIMCLK                                    3D       1       1       9   .abs_section_3d
     _MTIMCNT                                    3E       1       1       0   .abs_section_3e
     _MTIMMOD                                    3F       1       1       3   .abs_section_3f
     _TPMSC                                      40       1       1       6   .abs_section_40
     _TPMCNT                                     41       2       2       1   .abs_section_41
     _TPMMOD                                     43       2       2       2   .abs_section_43
     _TPMC0SC                                    45       1       1       3   .abs_section_45
     _TPMC0V                                     46       2       2       1   .abs_section_46
     _TPMC1SC                                    48       1       1       3   .abs_section_48
     _TPMC1V                                     49       2       2       1   .abs_section_49
     sgpu8stepValues                            100       8       8       1   .data       
     sgu8left                                   108       1       1       2   .data       
     gpu8Line1                                  109       E      14       8   .data       
     gpu8Line2                                  117       4       4       6   .data       
     sgu8currentChannel                         11B       1       1       3   .bss        
     u8PTADD                                    11C       1       1       6   .bss        
     u8PTBDD                                    11D       1       1       6   .bss        
     u8PTAD                                     11E       1       1       7   .bss        
     u8PTBD                                     11F       1       1       6   .bss        
     sgu8currentState                           120       1       1       5   .bss        
     sgu8LcdBusyFlag                            121       1       1       4   .bss        
     sgu8offset1                                122       1       1       2   .bss        
     sgpu8String1                               123       2       2       3   .bss        
     sgu8counter1                               125       1       1       3   .bss        
     sgu8offset2                                126       1       1       2   .bss        
     sgpu8String2                               127       2       2       3   .bss        
     sgu8counter2                               129       1       1       3   .bss        
     sgu8flagCounter                            12A       1       1       4   .bss        
     sgu8extraFlagsPDelay                       12B       1       1       3   .bss        
     sgu8currentModulo                          12C       1       1       2   .bss        
     sgu8index                                  12D       1       1       6   .bss        
     sgu8flagCounter                            12E       1       1       4   .bss        
     sgu8extraFlagsPDelay                       12F       1       1       2   .bss        
     sgu8running                                130       1       1       5   .bss        
     sgu8stopOnOverflow                         131       1       1       1   .bss        
     sgu16channel0Val                           132       2       2       2   .bss        
     sgu16channel1Val                           134       2       2       2   .bss        
     sgs8stepCount                              136       1       1       7   .bss        
     sgu8dir                                    137       1       1       3   .bss        
     _SRS                                      1800       1       1       4   .abs_section_1800
     _SBDFR                                    1801       1       1       0   .abs_section_1801
     _SOPT1                                    1802       1       1       0   .abs_section_1802
     _SOPT2                                    1803       1       1       0   .abs_section_1803
     _SDID                                     1806       2       2       0   .abs_section_1806
     _SRTISC                                   1808       1       1       0   .abs_section_1808
     _SPMSC1                                   1809       1       1       0   .abs_section_1809
     _SPMSC2                                   180A       1       1       0   .abs_section_180a
     _SPMSC3                                   180C       1       1       0   .abs_section_180c
     _DBGCA                                    1810       2       2       0   .abs_section_1810
     _DBGCB                                    1812       2       2       0   .abs_section_1812
     _DBGF                                     1814       2       2       0   .abs_section_1814
     _DBGC                                     1816       1       1       0   .abs_section_1816
     _DBGT                                     1817       1       1       0   .abs_section_1817
     _DBGS                                     1818       1       1       0   .abs_section_1818
     _FCDIV                                    1820       1       1       0   .abs_section_1820
     _FOPT                                     1821       1       1       0   .abs_section_1821
     _FCNFG                                    1823       1       1       0   .abs_section_1823
     _FPROT                                    1824       1       1       0   .abs_section_1824
     _FSTAT                                    1825       1       1       0   .abs_section_1825
     _FCMD                                     1826       1       1       0   .abs_section_1826
     _PTAPE                                    1840       1       1       0   .abs_section_1840
     _PTASE                                    1841       1       1       0   .abs_section_1841
     _PTADS                                    1842       1       1       0   .abs_section_1842
     _PTBPE                                    1844       1       1       0   .abs_section_1844
     _PTBSE                                    1845       1       1       0   .abs_section_1845
     _PTBDS                                    1846       1       1       0   .abs_section_1846
     loadByte                                  E000       E      14       5   .init       
     Init                                      E00E      6D     109       1   .init       
     _Startup                                  E07B       9       9       0   .init       
     ADC_Init                                  E092       C      12       1   .text       
     ADC_Read_8                                E09E       A      10       1   .text       
     ADC_StartConversion                       E0A8       6       6       1   .text       
     ADC_selectChannel                         E0AE       8       8       1   .text       
     DelayManager_Init                         E0B6      11      17       1   .text       
     DelayManager_SetDelayBySpeed              E0C7       A      10       2   .text       
     DelayManager_Delay                        E0D1       3       3       2   .text       
     DelayManager_IsBusy                       E0D4       3       3       1   .text       
     EncoderManager_Init                       E0D7      1A      26       1   .text       
     EncoderManager_GetData                    E0F1      67     103       1   .text       
     GPIO_ConfigPinDirection                   E158      6A     106       2   .text       
     GPIO_ReadPin                              E1C2      22      34       1   .text       
     GPIO_WriteBitToPin                        E1E4      74     116      15   .text       
     GPIO_ConfigPortOutputsByMask              E258      1E      30       3   .text       
     LcdManager_Init                           E276      45      69       1   .text       
     LcdManager_UpdateTask                     E2BB      71     113       1   .text       
     LcdManager_WriteString                    E32C      32      50       2   .text       
     LcdManager_IsBusy                         E35E       4       4       1   .text       
     LcdManager_SetRequestedPosition           E362      28      40       1   .text       
     LcdManager_ClearCmd                       E38A      17      23       1   .text       
     LcdManager_Send                           E3A1      31      49       6   .text       
     LcdManager_PulseForClearCmd               E3D2      17      23       1   .text       
     LcdManager_200usEnablePulse               E3E9      17      23       5   .text       
     LcdManager_WriteDataPort                  E400      3F      63       6   .text       
     LcdManager_5msDelay                       E43F       C      12       1   .text       
     LcdManager_100usDelay                     E44B       8       8       3   .text       
     LcdManager_20msDelay                      E453       C      12       1   .text       
     MTIM_Init                                 E45F       F      15       1   .text       
     MTIM_Start                                E46E       8       8       1   .text       
     MTIM_IsRunning                            E476       8       8       1   .text       
     MTIM_SelectClkSource                      E47E      1B      27       1   .text       
     MTIM_SelectPrescaler                      E499      1A      26       1   .text       
     MTIM_SetTimerModulo                       E4B3       6       6       1   .text       
     MTIM_SetExtraFlags                        E4B9       7       7       1   .text       
     MTIM_ISR                                  E4C0      1B      27       1   .text       
     SpeedManager_Init                         E4DB       8       8       1   .text       
     SpeedManager_ReadSpeedLevel               E4E3      16      22       1   .text       
     StepperMotor_Init                         E4F9      12      18       1   .text       
     StepperMotor_NextStep                     E50B      28      40       1   .text       
     StepperMotor_RefreshDirection             E533       A      10       1   .text       
     StepperMotor_WriteCurrentStep             E53D      48      72       2   .text       
     TPM_Init                                  E585      12      18       1   .text       
     TPM_Start                                 E597       E      14       1   .text       
     TPM_Stop                                  E5A5       E      14       1   .text       
     TPM_Reset                                 E5B3       5       5       2   .text       
     TPM_SetPrescaler                          E5B8       7       7       1   .text       
     TPM_EnableInputCaptureCH0                 E5BF       4       4       1   .text       
     TPM_EnableInputCaptureCH1                 E5C3       4       4       1   .text       
     TPM_getCH0Val                             E5C7       4       4       2   .text       
     TPM_getCH1Val                             E5CB       4       4       1   .text       
     TPM_ResetStepCounter                      E5CF       8       8       1   .text       
     TPM_GetStep                               E5D7       4       4       1   .text       
     TPM_SetDir                                E5DB       4       4       1   .text       
     TPM_Overflow_ISR                          E5DF      1C      28       1   .text       
     TPMCH0_ISR                                E5FB      31      49       1   .text       
     TPMCH1_ISR                                E62C       C      12       1   .text       
     main                                      E638      8D     141       1   .text       
     Send_Msg                                  E6C5      CA     202       1   .text       
     _IDIVMOD                                  E78F      69     105       2   .text       
     _IMUL_STAR08                              E7F8      27      39       1   .text       
     _IDIVU_STAR08                             E81F       D      13       3   .text       
     _IMODU_STAR08                             E82C      10      16       2   .text       
     _IDIVU_8                                  E83C       E      14       2   .text       
     _IMODU_8                                  E84A      12      18       2   .text       
     _ILSR                                     E85C       C      12       2   .text       
     _Jump_Table_Header_Offset                 E868      24      36       1   .text       
     _Vector_12                                FFE6       2       2       0   .abs_section_ffe6
     _Vector_7                                 FFF0       2       2       0   .abs_section_fff0
     _Vector_6                                 FFF2       2       2       0   .abs_section_fff2
     _Vector_5                                 FFF4       2       2       0   .abs_section_fff4

*********************************************************************************************
UNUSED-OBJECTS SECTION
---------------------------------------------------------------------------------------------
NOT USED PROCEDURES
ADC_c.obj:
  ADC_Read_10 ADC_ConfigResolution 
GPIO_c.obj:
  GPIO_ConfigPortDirection GPIO_ConfigPortDirection_Mask GPIO_ReadPort 
  GPIO_WriteByteToPort GPIO_ConfigPortInputsByMask GPIO_ClearPortPinsByMask 
  GPIO_SetPortPinsByMask 
MTIM_c.obj:
  MTIM_Stop MTIM_Reset 
TPM_c.obj:
  TPM_SetExtraFlags TPM_SetModuloVal TPM_IsRunning TPM_StopOnOverflow 
rtshc08.o (ansiis.lib):
  _PUSH_ARGS_L _PUSH_ARGS_D _ENTER_UNARY_L _ENTER_UNARY_L64 _ENTER_UNARY_L64_4 
  _ENTER_BINARY_L _ENTER_BINARY_L_RC _ENTER_BINARY_L_LC _ENTER_BINARY_L64 
  _ENTER_BINARY_L64_LC _ENTER_BINARY_L64_RC _SPLITSIGN _LADD_k_is_k_plus_j 
  _k_is_k_plus_j_l _k_is_k_plus_j_i _LSUB_k_is_k_minus_j _LAND_k_is_k_and_j 
  _LOR_k_is_k_or_j _LXOR_k_is_k_xor_j _LMUL_k_is_k_mul_j _LDIVMOD _NEG_L_HX 
  _ABS_L_HX _SPLITSIGN_L _LMODU_k_is_k_mod_j _LDIVU_k_is_k_div_j 
  _LMODS_k_is_k_mod_j _LDIVS_k_is_k_div_j _LCMP_k_rel_j _CMP24_k_rel_j _BMULS 
  _BDIVS _BMODS _IDIVS_STAR08 _IMODS_STAR08 _IASR _ILSL _ICMP _LINC _LDEC _LNEG 
  _LNOT _LADD _LADD_RC _LSUB _LSUB_LC _LSUB_RC _LAND _LAND_RC _LOR _LOR_RC 
  _LXOR _LXOR_RC _LMUL _LMUL_RC _LDIVS _LDIVS_LC _LDIVS_RC _LDIVU _LDIVU_LC 
  _LDIVU_RC _LMODS _LMODS_LC _LMODS_RC _LMODU _LMODU_LC _LMODU_RC _LASR _LLSR 
  _LLSL _LCMP _LCMP_RC _PUSH_ARGS_24 _ENTER_BINARY_24_RC _ENTER_BINARY_24 
  _CMP24 _CMP24_RC _COPY _COPY_L _POP32 _POP64 _STORE32 _STORE64 _SEXT8_32 
  _SEXT16_32 _CALL_STAR08 _CALL_STAR08_FAR _Jump_Table_Addr _Jump_Table_Offset 
  _Jump_Table_Header_Addr _Search_Table_16_Addr _Search_Table_16_Offset 
  _Search_Table_8_Addr _Search_Table_8_Offset _PUSH_CC _POP_CC 
  _CONV_FAR_TO_NEAR _CONV_FAR_TO_LINEAR _CONV_LINEAR_TO_FAR 
NOT USED VARIABLES
rtshc08.o (ansiis.lib):
  _PowOfTwo_8 _PowOfTwo_16 _PowOfTwo_32 errno 

*********************************************************************************************
COPYDOWN SECTION
---------------------------------------------------------------------------------------------
------- ROM-ADDRESS: 0xE88C ---- SIZE       4 ---
Filling bytes inserted
 001A0100
------- ROM-ADDRESS: 0xE890 ---- RAM-ADDRESS: 0x100 ---- SIZE       8 ---
Name of initialized Object : sgpu8stepValues
 0103020604 0C0809
------- ROM-ADDRESS: 0xE898 ---- RAM-ADDRESS: 0x108 ---- SIZE       1 ---
Name of initialized Object : sgu8left
 01
------- ROM-ADDRESS: 0xE899 ---- RAM-ADDRESS: 0x109 ---- SIZE      13 ---
Name of initialized Object : gpu8Line1
 2020205250 4D20202020 2020B0
------- ROM-ADDRESS: 0xE8A6 ---- SIZE       1 ---
Filling bytes inserted
 00
------- ROM-ADDRESS: 0xE8A7 ---- RAM-ADDRESS: 0x117 ---- SIZE       3 ---
Name of initialized Object : gpu8Line2
 202020
------- ROM-ADDRESS: 0xE8AA ---- SIZE       2 ---
Filling bytes inserted
 0000

*********************************************************************************************
OBJECT-DEPENDENCIES SECTION
---------------------------------------------------------------------------------------------
Init                      USES _startupData loadByte 
_Startup                  USES __SEG_END_SSTACK Init main 
ADC_Init                  USES _ADCCFG _ADCSC2 _ADCSC1 sgu8currentChannel 
                                _APCTL1 
ADC_Read_8                USES _ADCSC1 _ADCR 
ADC_StartConversion       USES sgu8currentChannel _ADCSC1 
ADC_selectChannel         USES sgu8currentChannel 
DelayManager_Init         USES MTIM_Init MTIM_SelectClkSource 
                                MTIM_SelectPrescaler MTIM_SetTimerModulo 
DelayManager_SetDelayBySpeed USES MTIM_SetExtraFlags 
DelayManager_Delay        USES MTIM_Start 
DelayManager_IsBusy       USES MTIM_IsRunning 
EncoderManager_Init       USES TPM_Init TPM_SetPrescaler 
                                TPM_EnableInputCaptureCH0 TPM_EnableInputCaptureCH1 TPM_Start 
                                TPM_getCH0Val TPM_ResetStepCounter TPM_Reset 
EncoderManager_GetData    USES TPM_getCH0Val TPM_getCH1Val TPM_Reset 
                                _IDIVU_STAR08 _IMUL_STAR08 TPM_SetDir TPM_GetStep 
GPIO_ConfigPinDirection   USES u8PTBDD _PTBDD u8PTADD _PTADD _ILSR 
GPIO_ReadPin              USES _PTAD u8PTAD _PTBD u8PTBD 
GPIO_WriteBitToPin        USES _PTAD u8PTAD _PTBD u8PTBD _ILSR 
GPIO_ConfigPortOutputsByMask USES u8PTBDD _PTBDD u8PTADD _PTADD 
LcdManager_Init           USES GPIO_ConfigPortOutputsByMask 
                                GPIO_ConfigPinDirection LcdManager_20msDelay LcdManager_WriteDataPort 
                                LcdManager_200usEnablePulse LcdManager_Send LcdManager_ClearCmd 
                                sgu8currentState 
LcdManager_UpdateTask     USES sgu8currentState _Jump_Table_Header_Offset 
                                sgu8LcdBusyFlag sgpu8String1 LcdManager_Send sgu8counter1 
                                LcdManager_SetRequestedPosition sgpu8String2 sgu8counter2 
LcdManager_WriteString    USES sgu8LcdBusyFlag sgu8offset1 sgpu8String1 
                                sgu8counter1 sgu8offset2 sgpu8String2 sgu8counter2 
LcdManager_IsBusy         USES sgu8LcdBusyFlag 
LcdManager_SetRequestedPosition USES sgu8offset1 sgu8offset2 LcdManager_Send 
LcdManager_ClearCmd       USES GPIO_WriteBitToPin LcdManager_WriteDataPort 
                                LcdManager_200usEnablePulse LcdManager_PulseForClearCmd 
LcdManager_Send           USES GPIO_WriteBitToPin LcdManager_WriteDataPort 
                                LcdManager_200usEnablePulse 
LcdManager_PulseForClearCmd USES GPIO_WriteBitToPin LcdManager_100usDelay 
                                LcdManager_5msDelay 
LcdManager_200usEnablePulse USES GPIO_WriteBitToPin LcdManager_100usDelay 
LcdManager_WriteDataPort  USES GPIO_WriteBitToPin 
LcdManager_5msDelay       USES _SRS 
LcdManager_100usDelay     USES _SRS 
LcdManager_20msDelay      USES _SRS 
MTIM_Init                 USES _MTIMSC _MTIMCLK _MTIMMOD sgu8flagCounter 
                                sgu8extraFlagsPDelay 
MTIM_Start                USES sgu8currentModulo _MTIMMOD _MTIMSC 
MTIM_IsRunning            USES _MTIMSC 
MTIM_SelectClkSource      USES _MTIMCLK 
MTIM_SelectPrescaler      USES _MTIMCLK 
MTIM_SetTimerModulo       USES sgu8currentModulo _MTIMMOD 
MTIM_SetExtraFlags        USES _MTIMSC sgu8extraFlagsPDelay 
MTIM_ISR                  USES _MTIMSC sgu8extraFlagsPDelay sgu8flagCounter 
SpeedManager_Init         USES ADC_Init ADC_selectChannel 
SpeedManager_ReadSpeedLevel USES ADC_StartConversion ADC_Read_8 
StepperMotor_Init         USES GPIO_ConfigPortOutputsByMask 
                                GPIO_ConfigPinDirection StepperMotor_WriteCurrentStep 
StepperMotor_NextStep     USES sgu8left sgu8index 
                                StepperMotor_WriteCurrentStep 
StepperMotor_RefreshDirection USES GPIO_ReadPin sgu8left 
StepperMotor_WriteCurrentStep USES sgu8index sgpu8stepValues 
                                GPIO_WriteBitToPin 
TPM_Init                  USES _TPMSC _TPMMOD sgu8flagCounter 
                                sgu8extraFlagsPDelay sgu8running 
TPM_Start                 USES sgu8running _TPMSC 
TPM_Stop                  USES sgu8running _TPMSC 
TPM_Reset                 USES _TPMCNT 
TPM_SetPrescaler          USES _TPMSC 
TPM_EnableInputCaptureCH0 USES _TPMC0SC 
TPM_EnableInputCaptureCH1 USES _TPMC1SC 
TPM_getCH0Val             USES sgu16channel0Val 
TPM_getCH1Val             USES sgu16channel1Val 
TPM_ResetStepCounter      USES sgs8stepCount sgu8dir 
TPM_GetStep               USES sgs8stepCount 
TPM_SetDir                USES sgu8dir 
TPM_Overflow_ISR          USES _TPMSC sgu8extraFlagsPDelay sgu8flagCounter 
                                sgu8stopOnOverflow TPM_Stop 
TPMCH0_ISR                USES _TPMC0SC _TPMC0V sgu16channel0Val sgu8dir 
                                sgs8stepCount 
TPMCH1_ISR                USES _TPMC1SC _TPMC1V sgu16channel1Val 
main                      USES SpeedManager_Init DelayManager_Init 
                                StepperMotor_Init EncoderManager_Init LcdManager_Init 
                                DelayManager_SetDelayBySpeed DelayManager_Delay SpeedManager_ReadSpeedLevel 
                                DelayManager_IsBusy StepperMotor_NextStep 
                                StepperMotor_RefreshDirection EncoderManager_GetData LcdManager_UpdateTask 
                                LcdManager_IsBusy Send_Msg _SRS 
Send_Msg                  USES _IDIVU_8 gpu8Line1 _IMODU_8 _IDIVU_STAR08 
                                _IMODU_STAR08 LcdManager_WriteString gpu8Line2 
_IDIVU_STAR08             USES _IDIVMOD 
_IMODU_STAR08             USES _IDIVMOD 
_IDIVU_8                  USES _IDIVU_STAR08 
_IMODU_8                  USES _IMODU_STAR08 
_Vector_12                USES MTIM_ISR 
_Vector_7                 USES TPM_Overflow_ISR 
_Vector_6                 USES TPMCH1_ISR 
_Vector_5                 USES TPMCH0_ISR 

*********************************************************************************************
DEPENDENCY TREE
*********************************************************************************************
 main and _Startup Group
 | 
 +- main                
 |  | 
 |  +- SpeedManager_Init   
 |  |  | 
 |  |  +- ADC_Init            
 |  |  |    
 |  |  +- ADC_selectChannel   
 |  |       
 |  +- DelayManager_Init   
 |  |  | 
 |  |  +- MTIM_Init           
 |  |  |    
 |  |  +- MTIM_SelectClkSource
 |  |  |    
 |  |  +- MTIM_SelectPrescaler
 |  |  |    
 |  |  +- MTIM_SetTimerModulo 
 |  |       
 |  +- StepperMotor_Init   
 |  |  | 
 |  |  +- GPIO_ConfigPortOutputsByMask
 |  |  |    
 |  |  +- GPIO_ConfigPinDirection
 |  |  |  | 
 |  |  |  +- _ILSR               
 |  |  |       
 |  |  +- StepperMotor_WriteCurrentStep
 |  |     | 
 |  |     +- GPIO_WriteBitToPin  
 |  |        | 
 |  |        +- _ILSR                (see above)
 |  |           
 |  +- EncoderManager_Init 
 |  |  | 
 |  |  +- TPM_Init            
 |  |  |    
 |  |  +- TPM_SetPrescaler    
 |  |  |    
 |  |  +- TPM_EnableInputCaptureCH0
 |  |  |    
 |  |  +- TPM_EnableInputCaptureCH1
 |  |  |    
 |  |  +- TPM_Start           
 |  |  |    
 |  |  +- TPM_getCH0Val       
 |  |  |    
 |  |  +- TPM_ResetStepCounter
 |  |  |    
 |  |  +- TPM_Reset           
 |  |       
 |  +- LcdManager_Init     
 |  |  | 
 |  |  +- GPIO_ConfigPortOutputsByMask (see above)
 |  |  |  
 |  |  +- GPIO_ConfigPinDirection (see above)
 |  |  |  
 |  |  +- LcdManager_20msDelay
 |  |  |    
 |  |  +- LcdManager_WriteDataPort
 |  |  |  | 
 |  |  |  +- GPIO_WriteBitToPin   (see above)
 |  |  |     
 |  |  +- LcdManager_200usEnablePulse
 |  |  |  | 
 |  |  |  +- GPIO_WriteBitToPin   (see above)
 |  |  |  |  
 |  |  |  +- LcdManager_100usDelay
 |  |  |       
 |  |  +- LcdManager_Send     
 |  |  |  | 
 |  |  |  +- GPIO_WriteBitToPin   (see above)
 |  |  |  |  
 |  |  |  +- LcdManager_WriteDataPort (see above)
 |  |  |  |  
 |  |  |  +- LcdManager_200usEnablePulse (see above)
 |  |  |     
 |  |  +- LcdManager_ClearCmd 
 |  |     | 
 |  |     +- GPIO_WriteBitToPin   (see above)
 |  |     |  
 |  |     +- LcdManager_WriteDataPort (see above)
 |  |     |  
 |  |     +- LcdManager_200usEnablePulse (see above)
 |  |     |  
 |  |     +- LcdManager_PulseForClearCmd
 |  |        | 
 |  |        +- GPIO_WriteBitToPin   (see above)
 |  |        |  
 |  |        +- LcdManager_100usDelay (see above)
 |  |        |  
 |  |        +- LcdManager_5msDelay 
 |  |             
 |  +- DelayManager_SetDelayBySpeed
 |  |  | 
 |  |  +- MTIM_SetExtraFlags  
 |  |       
 |  +- DelayManager_Delay  
 |  |  | 
 |  |  +- MTIM_Start          
 |  |       
 |  +- SpeedManager_ReadSpeedLevel
 |  |  | 
 |  |  +- ADC_StartConversion 
 |  |  |    
 |  |  +- ADC_Read_8          
 |  |       
 |  +- DelayManager_IsBusy 
 |  |  | 
 |  |  +- MTIM_IsRunning      
 |  |       
 |  +- StepperMotor_NextStep
 |  |  | 
 |  |  +- StepperMotor_WriteCurrentStep (see above)
 |  |     
 |  +- StepperMotor_RefreshDirection
 |  |  | 
 |  |  +- GPIO_ReadPin        
 |  |       
 |  +- EncoderManager_GetData
 |  |  | 
 |  |  +- TPM_getCH0Val        (see above)
 |  |  |  
 |  |  +- TPM_getCH1Val       
 |  |  |    
 |  |  +- TPM_Reset            (see above)
 |  |  |  
 |  |  +- _IDIVU_STAR08       
 |  |  |  | 
 |  |  |  +- _IDIVMOD            
 |  |  |       
 |  |  +- _IMUL_STAR08        
 |  |  |    
 |  |  +- TPM_SetDir          
 |  |  |    
 |  |  +- TPM_GetStep         
 |  |       
 |  +- LcdManager_UpdateTask
 |  |  | 
 |  |  +- _Jump_Table_Header_Offset
 |  |  |    
 |  |  +- LcdManager_Send      (see above)
 |  |  |  
 |  |  +- LcdManager_SetRequestedPosition
 |  |     | 
 |  |     +- LcdManager_Send      (see above)
 |  |        
 |  +- LcdManager_IsBusy   
 |  |    
 |  +- Send_Msg            
 |     | 
 |     +- _IDIVU_8            
 |     |  | 
 |     |  +- _IDIVU_STAR08        (see above)
 |     |     
 |     +- _IMODU_8            
 |     |  | 
 |     |  +- _IMODU_STAR08       
 |     |     | 
 |     |     +- _IDIVMOD             (see above)
 |     |        
 |     +- _IDIVU_STAR08        (see above)
 |     |  
 |     +- _IMODU_STAR08        (see above)
 |     |  
 |     +- LcdManager_WriteString
 |          
 +- _Startup            
    | 
    +- Init                
    |  | 
    |  +- loadByte            
    |       
    +- main                 (see above)
       
 _Vector_12          
 | 
 +- MTIM_ISR            
      
 _Vector_7           
 | 
 +- TPM_Overflow_ISR    
    | 
    +- TPM_Stop            
         
 _Vector_5           
 | 
 +- TPMCH0_ISR          
      
 _Vector_6           
 | 
 +- TPMCH1_ISR          
      
*********************************************************************************************
STATISTIC SECTION
---------------------------------------------------------------------------------------------

ExeFile:
--------
Number of blocks to be downloaded: 8
Total size of all blocks to be downloaded: 2230

