*** EVALUATION ***
PROGRAM "LCD_8bits.abs"

*********************************************************************************************
TARGET SECTION
---------------------------------------------------------------------------------------------
Processor   : Freescale HC08
Memory Model: SMALL
File Format : ELF\DWARF 2.0
Linker      : SmartLinker V-5.0.49 Build 12319, Nov 15 2012

*********************************************************************************************
FILE SECTION
---------------------------------------------------------------------------------------------
main_asm.obj                            Model: SMALL,         Lang: Assembler

*********************************************************************************************
STARTUP SECTION
---------------------------------------------------------------------------------------------
Entry point: 0xE000 (_Startup)

*********************************************************************************************
SECTION-ALLOCATION SECTION
Section Name                    Size  Type     From       To       Segment
---------------------------------------------------------------------------------------------
.init                            210     R     0xE000     0xE0D1   ROM
.stack                            64   R/W      0x100      0x13F   RAM
.vectSeg0_vect                     2     R     0xFFFE     0xFFFF   .vectSeg0

Summary of section sizes per section type:
READ_ONLY (R):          D4 (dec:      212)
READ_WRITE (R/W):       40 (dec:       64)

*********************************************************************************************
VECTOR-ALLOCATION SECTION
    Address     InitValue   InitFunction
---------------------------------------------------------------------------------------------
     0xFFFE        0xE000   _Startup

*********************************************************************************************
OBJECT-ALLOCATION SECTION
     Name               Module                 Addr   hSize   dSize     Ref    Section   RLIB
---------------------------------------------------------------------------------------------
MODULE:                 -- main_asm.obj --
- PROCEDURES:
     _Startup                                  E000      2B      43       0   .init       
     main                                      E000       0       0       0   .init       
     aqui                                      E02B       2       2       0   .init       
     mensaje                                   E02D      71     113       1   .init       
     comando_inst                              E09E      12      18       3   .init       
     comando_dato                              E0B0      12      18      16   .init       
     delay                                     E0C2       3       3       6   .init       
     loop1                                     E0C5       3       3       0   .init       
     loop0                                     E0C8       A      10       0   .init       
- VARIABLES:
- LABELS:
     __SEG_END_SSTACK                           140       0       0       1               

*********************************************************************************************
MODULE STATISTIC
  Name                                      Data   Code  Const
---------------------------------------------------------------------------------------------
  main_asm.obj                                 0    210      0
  other                                       64      2      0

*********************************************************************************************
SECTION USE IN OBJECT-ALLOCATION SECTION
---------------------------------------------------------------------------------------------
SECTION: ".init"
  main _Startup aqui mensaje comando_inst comando_dato delay loop1 loop0 

*********************************************************************************************
OBJECT LIST SORTED BY ADDRESS
     Name                                      Addr   hSize   dSize     Ref    Section   RLIB
---------------------------------------------------------------------------------------------
     main                                      E000       0       0       0   .init       
     _Startup                                  E000      2B      43       0   .init       
     aqui                                      E02B       2       2       0   .init       
     mensaje                                   E02D      71     113       1   .init       
     comando_inst                              E09E      12      18       3   .init       
     comando_dato                              E0B0      12      18      16   .init       
     delay                                     E0C2       3       3       6   .init       
     loop1                                     E0C5       3       3       0   .init       
     loop0                                     E0C8       A      10       0   .init       

*********************************************************************************************
UNUSED-OBJECTS SECTION
---------------------------------------------------------------------------------------------

*********************************************************************************************
COPYDOWN SECTION
---------------------------------------------------------------------------------------------

*********************************************************************************************
OBJECT-DEPENDENCIES SECTION
---------------------------------------------------------------------------------------------
_Startup                  USES __SEG_END_SSTACK comando_inst mensaje 
mensaje                   USES comando_dato 
comando_inst              USES delay 
comando_dato              USES delay 

*********************************************************************************************
DEPENDENCY TREE
*********************************************************************************************
 main and _Startup Group
 | 
 +- main                
 |    
 +- _Startup            
    | 
    +- comando_inst        
    |  | 
    |  +- delay               
    |       
    +- mensaje             
       | 
       +- comando_dato        
          | 
          +- delay                (see above)
             
*********************************************************************************************
STATISTIC SECTION
---------------------------------------------------------------------------------------------

ExeFile:
--------
Number of blocks to be downloaded: 2
Total size of all blocks to be downloaded: 212

